core_cm3.h:930:22:NVIC_EnableIRQ	16	static
core_cm3.h:1014:22:NVIC_SetPriority	16	static
core_cm3.h:1107:22:NVIC_SystemReset	4	static
core_cm3.h:1139:26:SysTick_Config	16	static
main.c:40:10:BCDToBin	16	static
main.c:48:9:binToBCD	16	static
main.c:53:10:bytesToInt	16	static
main.c:58:6:swapBytes	24	static
timers_config.h:12:6:TIM2Init	24	static
my_stm32f10x_adc.h:30:6:enableADCIRQ	8	static
my_stm32f10x_adc.h:36:6:disableADCIRQ	8	static
my_stm32f10x_adc.h:50:5:readADC1NoIRQ	16	static
my_stm32f10x_adc.h:59:10:getADC	16	static
my_stm32f10x_adc.h:65:6:ADC1_2_IRQHandler	8	static
my_stm32f10x_adc.h:70:6:ADCRegConfigure	32	static
my_stm32f10x_adc.h:98:6:ADCIOConfigure	16	static
my_stm32f103_pwm.h:13:10:readPWM	16	static
my_stm32f103_pwm.h:24:6:writePWM	16	static
my_stm32f103_pwm.h:35:10:setResetPWM	24	static
my_stm32f103_pwm.h:42:6:initTimer1PWM	48	static
my_stm32f103_pwm.h:94:6:testPwm	16	static
flash.h:14:6:ULongToBytes	24	static
flash.h:24:10:bytesToULong	24	static
flash.h:35:9:readFLASH	40	static
flash.h:53:9:readMessage	24	static
flash.h:59:9:writeFLASH	48	static
flash.h:80:9:writeMessage	24	static
flash.h:86:10:alignOnLong	16	static
my_stm32f103_rtc.h:57:6:makeTimeFromSeconds	32	static
my_stm32f103_rtc.h:96:10:secondsSince2000	32	static
my_stm32f103_rtc.h:137:10:minutesSince2000	32	static
my_stm32f103_rtc.h:171:9:makeTimeFromMinutes	32	static
my_stm32f103_rtc.h:210:15:bcdToBin	24	static
my_stm32f103_rtc.h:216:15:binToBcd	16	static
my_stm32f103_rtc.h:221:6:binToBcdArray	32	static
my_stm32f103_rtc.h:231:6:bcdToBinArray	32	static
my_stm32f103_rtc.h:241:6:adjustClock	24	static
my_stm32f103_rtc.h:251:6:writeDefaultTime	16	static
my_stm32f103_rtc.h:260:6:RTC_IRQHandler	8	static
my_stm32f103_rtc.h:269:6:RTC_Configuration	8	static
my_stm32f103_rtc.h:287:6:initIRQ_RTC	16	static
my_stm32f103_rtc.h:298:9:initRTC	16	static
usarts.h:9:6:DEBUG_USART_Init	32	static
usarts.h:50:6:SERVER_USART_Init	32	static
usarts.h:93:6:writeUart	16	static
usarts.h:99:6:writeTextUart	16	static
usarts.h:104:6:DEBUG_X	16	static
gpio_init.h:12:6:gpioInit	16	static
delay.h:12:6:delay_ms	16	static
delay.h:23:6:delay_us	16	static
DS18B20.h:111:6:OWInit	16	static
DS18B20.h:122:10:OWResetPulse	16	static
DS18B20.h:156:6:OWWrite1	4	static
DS18B20.h:168:6:OWWrite0	4	static
DS18B20.h:180:6:OWWriteBit	16	static
DS18B20.h:189:9:OWReadBit	16	static
DS18B20.h:209:6:OWWriteByte	24	static
DS18B20.h:221:9:OWReadByte	16	static
DS18B20.h:233:6:OWResetCRC	4	static
DS18B20.h:238:9:OWGetCRC	4	static
DS18B20.h:243:9:OWCRC	16	static
DS18B20.h:249:6:OWReadROM	16	static
DS18B20.h:261:5:OWSearch	32	static
DS18B20.h:354:9:OWMatchROM	24	static
DS18B20.h:365:5:OWFirst	8	static
DS18B20.h:373:5:OWNext	8	static
DS18B20.h:379:11:OWSearchROM	32	static
DS18B20.h:402:6:ds18b20Init	8	static
DS18B20.h:410:9:ds18b20GetPrecision	4	static
DS18B20.h:415:17:ds18b20GetDevices	24	static
DS18B20.h:427:6:ds18b20SetPrecision	16	static
DS18B20.h:440:6:ds18b20ConvertTemperature	16	static
DS18B20.h:447:6:ds18b20ConvertTemperatureAll	16	static
DS18B20.h:455:10:ds18b20DecodeTemperatureRaw	32	static
DS18B20.h:475:10:ds18b20ReadTemperatureRaw	24	static
DS18B20.h:486:10:ds18b20ReadTemperatureAllRaw	32	static
DS18B20.h:502:6:ds18b20WaitForConversion	8	static
DS18B20.h:513:10:searchOneWire	8	static
DS18B20.h:539:10:readDS1820	24	static
DS18B20.h:561:6:padString	24	static
DS18B20.h:571:6:formatTemperature	40	static
main.c:132:6:enableGPIO	8	static
main.c:140:6:shiftRowData	24	static
main.c:156:6:shiftRowsDown	16	static
main.c:179:6:copyVirtualRam	8	static
main.c:198:6:copyToScreenRam	32	static
uncommon_functions.h:11:6:writeScreen	16	static
uncommon_functions.h:28:6:dmdWriteByte	24	static
uncommon_functions.h:68:6:enableOutput	16	static
uncommon_functions.h:89:6:readMsg	16	static
uncommon_functions.h:102:6:readNextWord	16	static
uncommon_functions.h:115:6:getFont	4	static
main.c:244:9:fillLeft2Right	16	static
main.c:320:9:slideDown	16	static
main.c:386:9:displayClk	16	static
main.c:449:9:dispTemp	24	static
main.c:493:9:scrollMsg	8	static
main.c:536:6:clearDMD	8	static
main.c:554:6:initVars	8	static
main.c:565:9:formatMsg	1344	static
main.c:598:10:padMsg	24	static
main.c:616:16:printTime	96	static
main.c:687:9:printTemp	24	static
main.c:720:6:USART1_IRQHandler	8	static
main.c:741:6:USART2_IRQHandler	16	static
main.c:805:6:readFlashData	1040	static
main.c:816:6:writeFlashData	1048	static
main.c:832:6:printStatus	8	static
main.c:844:6:rtcc	32	static
main.c:864:6:deviceRead	1032	static
main.c:921:6:deviceWrite	1032	static
main.c:970:6:checkServerRequest	8	static
main.c:1003:6:asciiToBin	16	static
main.c:1015:6:initDS18B20	8	static
main.c:1022:6:initSys	8	static
main.c:1041:6:disableJTAG	4	static
main.c:1050:5:main	8	static
main.c:1066:9:getUserMsg	1064	static
main.c:1110:6:runLoop	16	static
main.c:1137:6:SysTick_Handler	4	static
main.c:1156:9:selectMsg	4	static
main.c:1177:6:arrayShiftRight	24	static
main.c:1186:10:getMsgWidth	24	static
main.c:1200:6:centreText	24	static
main.c:1216:6:extractText	1048	static
main.c:1247:9:getSize	80	static
main.c:1279:9:formatStatic	64	static
main.c:1350:6:getBrightness	1040	static
