Archive member included to satisfy reference by file (symbol)

c:/program files (x86)/atollic/truestudio for stm32 9.0.1/armtools/bin/../lib/gcc/arm-atollic-eabi/6.3.1/../../../../arm-atollic-eabi/lib/armv7-m\libc.a(lib_a-init.o)
                              src\startup_stm32f10x_md.o (__libc_init_array)
c:/program files (x86)/atollic/truestudio for stm32 9.0.1/armtools/bin/../lib/gcc/arm-atollic-eabi/6.3.1/../../../../arm-atollic-eabi/lib/armv7-m\libc.a(lib_a-locale.o)
                              src\main.o (__locale_ctype_ptr)
c:/program files (x86)/atollic/truestudio for stm32 9.0.1/armtools/bin/../lib/gcc/arm-atollic-eabi/6.3.1/../../../../arm-atollic-eabi/lib/armv7-m\libc.a(lib_a-mbtowc_r.o)
                              c:/program files (x86)/atollic/truestudio for stm32 9.0.1/armtools/bin/../lib/gcc/arm-atollic-eabi/6.3.1/../../../../arm-atollic-eabi/lib/armv7-m\libc.a(lib_a-locale.o) (__ascii_mbtowc)
c:/program files (x86)/atollic/truestudio for stm32 9.0.1/armtools/bin/../lib/gcc/arm-atollic-eabi/6.3.1/../../../../arm-atollic-eabi/lib/armv7-m\libc.a(lib_a-memcpy-stub.o)
                              src\main.o (memcpy)
c:/program files (x86)/atollic/truestudio for stm32 9.0.1/armtools/bin/../lib/gcc/arm-atollic-eabi/6.3.1/../../../../arm-atollic-eabi/lib/armv7-m\libc.a(lib_a-memset.o)
                              src\main.o (memset)
c:/program files (x86)/atollic/truestudio for stm32 9.0.1/armtools/bin/../lib/gcc/arm-atollic-eabi/6.3.1/../../../../arm-atollic-eabi/lib/armv7-m\libc.a(lib_a-sprintf.o)
                              src\main.o (sprintf)
c:/program files (x86)/atollic/truestudio for stm32 9.0.1/armtools/bin/../lib/gcc/arm-atollic-eabi/6.3.1/../../../../arm-atollic-eabi/lib/armv7-m\libc.a(lib_a-strcat.o)
                              src\main.o (strcat)
c:/program files (x86)/atollic/truestudio for stm32 9.0.1/armtools/bin/../lib/gcc/arm-atollic-eabi/6.3.1/../../../../arm-atollic-eabi/lib/armv7-m\libc.a(lib_a-strchr.o)
                              src\main.o (strchr)
c:/program files (x86)/atollic/truestudio for stm32 9.0.1/armtools/bin/../lib/gcc/arm-atollic-eabi/6.3.1/../../../../arm-atollic-eabi/lib/armv7-m\libc.a(lib_a-strcmp.o)
                              c:/program files (x86)/atollic/truestudio for stm32 9.0.1/armtools/bin/../lib/gcc/arm-atollic-eabi/6.3.1/../../../../arm-atollic-eabi/lib/armv7-m\libc.a(lib_a-locale.o) (strcmp)
c:/program files (x86)/atollic/truestudio for stm32 9.0.1/armtools/bin/../lib/gcc/arm-atollic-eabi/6.3.1/../../../../arm-atollic-eabi/lib/armv7-m\libc.a(lib_a-strcpy.o)
                              src\main.o (strcpy)
c:/program files (x86)/atollic/truestudio for stm32 9.0.1/armtools/bin/../lib/gcc/arm-atollic-eabi/6.3.1/../../../../arm-atollic-eabi/lib/armv7-m\libc.a(lib_a-strlen.o)
                              src\main.o (strlen)
c:/program files (x86)/atollic/truestudio for stm32 9.0.1/armtools/bin/../lib/gcc/arm-atollic-eabi/6.3.1/../../../../arm-atollic-eabi/lib/armv7-m\libc.a(lib_a-strrchr.o)
                              src\main.o (strrchr)
c:/program files (x86)/atollic/truestudio for stm32 9.0.1/armtools/bin/../lib/gcc/arm-atollic-eabi/6.3.1/../../../../arm-atollic-eabi/lib/armv7-m\libc.a(lib_a-svfprintf.o)
                              c:/program files (x86)/atollic/truestudio for stm32 9.0.1/armtools/bin/../lib/gcc/arm-atollic-eabi/6.3.1/../../../../arm-atollic-eabi/lib/armv7-m\libc.a(lib_a-sprintf.o) (_svfprintf_r)
c:/program files (x86)/atollic/truestudio for stm32 9.0.1/armtools/bin/../lib/gcc/arm-atollic-eabi/6.3.1/../../../../arm-atollic-eabi/lib/armv7-m\libc.a(lib_a-wctomb_r.o)
                              c:/program files (x86)/atollic/truestudio for stm32 9.0.1/armtools/bin/../lib/gcc/arm-atollic-eabi/6.3.1/../../../../arm-atollic-eabi/lib/armv7-m\libc.a(lib_a-locale.o) (__ascii_wctomb)
c:/program files (x86)/atollic/truestudio for stm32 9.0.1/armtools/bin/../lib/gcc/arm-atollic-eabi/6.3.1/../../../../arm-atollic-eabi/lib/armv7-m\libc.a(lib_a-ctype_.o)
                              c:/program files (x86)/atollic/truestudio for stm32 9.0.1/armtools/bin/../lib/gcc/arm-atollic-eabi/6.3.1/../../../../arm-atollic-eabi/lib/armv7-m\libc.a(lib_a-locale.o) (_ctype_)
c:/program files (x86)/atollic/truestudio for stm32 9.0.1/armtools/bin/../lib/gcc/arm-atollic-eabi/6.3.1/../../../../arm-atollic-eabi/lib/armv7-m\libc.a(lib_a-dtoa.o)
                              c:/program files (x86)/atollic/truestudio for stm32 9.0.1/armtools/bin/../lib/gcc/arm-atollic-eabi/6.3.1/../../../../arm-atollic-eabi/lib/armv7-m\libc.a(lib_a-svfprintf.o) (_dtoa_r)
c:/program files (x86)/atollic/truestudio for stm32 9.0.1/armtools/bin/../lib/gcc/arm-atollic-eabi/6.3.1/../../../../arm-atollic-eabi/lib/armv7-m\libc.a(lib_a-impure.o)
[...]
Memory Configuration

Name             Origin             Length             Attributes
FLASH            0x08000000         0x00020000         xr
RAM              0x20000000         0x00005000         xrw
MEMORY_B1        0x60000000         0x00000000         xr
*default*        0x00000000         0xffffffff

Linker script and memory map

LOAD c:/program files (x86)/atollic/truestudio for stm32 9.0.1/armtools/bin/../lib/gcc/arm-atollic-eabi/6.3.1/armv7-m/crti.o
LOAD c:/program files (x86)/atollic/truestudio for stm32 9.0.1/armtools/bin/../lib/gcc/arm-atollic-eabi/6.3.1/armv7-m/crtbegin.o
LOAD Libraries\STM32F10x_StdPeriph_Driver\src\misc.o
LOAD Libraries\STM32F10x_StdPeriph_Driver\src\stm32f10x_adc.o
LOAD Libraries\STM32F10x_StdPeriph_Driver\src\stm32f10x_bkp.o
LOAD Libraries\STM32F10x_StdPeriph_Driver\src\stm32f10x_can.o
LOAD Libraries\STM32F10x_StdPeriph_Driver\src\stm32f10x_cec.o
LOAD Libraries\STM32F10x_StdPeriph_Driver\src\stm32f10x_crc.o
LOAD Libraries\STM32F10x_StdPeriph_Driver\src\stm32f10x_dac.o
LOAD Libraries\STM32F10x_StdPeriph_Driver\src\stm32f10x_dbgmcu.o
LOAD Libraries\STM32F10x_StdPeriph_Driver\src\stm32f10x_dma.o
LOAD Libraries\STM32F10x_StdPeriph_Driver\src\stm32f10x_exti.o
LOAD Libraries\STM32F10x_StdPeriph_Driver\src\stm32f10x_flash.o
LOAD Libraries\STM32F10x_StdPeriph_Driver\src\stm32f10x_fsmc.o
LOAD Libraries\STM32F10x_StdPeriph_Driver\src\stm32f10x_gpio.o
LOAD Libraries\STM32F10x_StdPeriph_Driver\src\stm32f10x_i2c.o
LOAD Libraries\STM32F10x_StdPeriph_Driver\src\stm32f10x_iwdg.o
LOAD Libraries\STM32F10x_StdPeriph_Driver\src\stm32f10x_pwr.o
LOAD Libraries\STM32F10x_StdPeriph_Driver\src\stm32f10x_rcc.o
LOAD Libraries\STM32F10x_StdPeriph_Driver\src\stm32f10x_rtc.o
LOAD Libraries\STM32F10x_StdPeriph_Driver\src\stm32f10x_sdio.o
LOAD Libraries\STM32F10x_StdPeriph_Driver\src\stm32f10x_spi.o
LOAD Libraries\STM32F10x_StdPeriph_Driver\src\stm32f10x_tim.o
LOAD Libraries\STM32F10x_StdPeriph_Driver\src\stm32f10x_usart.o
LOAD Libraries\STM32F10x_StdPeriph_Driver\src\stm32f10x_wwdg.o
LOAD src\main.o
LOAD src\startup_stm32f10x_md.o
LOAD src\stm32f1xx_it.o
LOAD src\system_stm32f10x.o
                0x00000080                malloc_getpagesize_P = 0x80
START GROUP
LOAD c:/program files (x86)/atollic/truestudio for stm32 9.0.1/armtools/bin/../lib/gcc/arm-atollic-eabi/6.3.1/../../../../arm-atollic-eabi/lib/armv7-m\libc.a
LOAD c:/program files (x86)/atollic/truestudio for stm32 9.0.1/armtools/bin/../lib/gcc/arm-atollic-eabi/6.3.1/../../../../arm-atollic-eabi/lib/armv7-m\libm.a
END GROUP
START GROUP
LOAD c:/program files (x86)/atollic/truestudio for stm32 9.0.1/armtools/bin/../lib/gcc/arm-atollic-eabi/6.3.1/armv7-m\libgcc.a
LOAD c:/program files (x86)/atollic/truestudio for stm32 9.0.1/armtools/bin/../lib/gcc/arm-atollic-eabi/6.3.1/../../../../arm-atollic-eabi/lib/armv7-m\libc.a
END GROUP
START GROUP
LOAD c:/program files (x86)/atollic/truestudio for stm32 9.0.1/armtools/bin/../lib/gcc/arm-atollic-eabi/6.3.1/armv7-m\libgcc.a
LOAD c:/program files (x86)/atollic/truestudio for stm32 9.0.1/armtools/bin/../lib/gcc/arm-atollic-eabi/6.3.1/../../../../arm-atollic-eabi/lib/armv7-m\libc.a
LOAD c:/program files (x86)/atollic/truestudio for stm32 9.0.1/armtools/bin/../lib/gcc/arm-atollic-eabi/6.3.1/../../../../arm-atollic-eabi/lib/armv7-m\libnosys.a
END GROUP
LOAD c:/program files (x86)/atollic/truestudio for stm32 9.0.1/armtools/bin/../lib/gcc/arm-atollic-eabi/6.3.1/armv7-m/crtend.o
LOAD c:/program files (x86)/atollic/truestudio for stm32 9.0.1/armtools/bin/../lib/gcc/arm-atollic-eabi/6.3.1/armv7-m/crtn.o
                0x20005000                _estack = 0x20005000
                0x00000000                _Min_Heap_Size = 0x0
                0x00000100                _Min_Stack_Size = 0x100

.isr_vector     0x08000000      0x10c
                0x08000000                . = ALIGN (0x4)
 *(.isr_vector)
 .isr_vector    0x08000000      0x10c src\startup_stm32f10x_md.o
                0x08000000                g_pfnVectors
                0x0800010c                . = ALIGN (0x4)

.text           0x08000110     0x9500
                0x08000110                . = ALIGN (0x4)
 *(.text)
 .text          0x08000110       0x40 c:/program files (x86)/atollic/truestudio for stm32 9.0.1/armtools/bin/../lib/gcc/arm-atollic-eabi/6.3.1/armv7-m/crtbegin.o
 .text          0x08000150       0x10 c:/program files (x86)/atollic/truestudio for stm32 9.0.1/armtools/bin/../lib/gcc/arm-atollic-eabi/6.3.1/../../../../arm-atollic-eabi/lib/armv7-m\libc.a(lib_a-strlen.o)
                0x08000150                strlen
 .text          0x08000160      0x370 c:/program files (x86)/atollic/truestudio for stm32 9.0.1/armtools/bin/../lib/gcc/arm-atollic-eabi/6.3.1/armv7-m\libgcc.a(_arm_addsubdf3.o)
                0x08000160                __aeabi_drsub
                0x08000168                __aeabi_dsub
                0x08000168                __subdf3
                0x0800016c                __aeabi_dadd
                0x0800016c                __adddf3
                0x080003e4                __floatunsidf
                0x080003e4                __aeabi_ui2d
                0x08000404                __floatsidf
                0x08000404                __aeabi_i2d
                0x08000428                __aeabi_f2d
                0x08000428                __extendsfdf2
                0x08000464                __floatundidf
                0x08000464                __aeabi_ul2d
                0x08000474                __floatdidf
                0x08000474                __aeabi_l2d
 .text          0x080004d0      0x424 c:/program files (x86)/atollic/truestudio for stm32 9.0.1/armtools/bin/../lib/gcc/arm-atollic-eabi/6.3.1/armv7-m\libgcc.a(_arm_muldivdf3.o)
                0x080004d0                __aeabi_dmul
                0x080004d0                __muldf3
                0x08000724                __divdf3
                0x08000724                __aeabi_ddiv
 .text          0x080008f4      0x110 c:/program files (x86)/atollic/truestudio for stm32 9.0.1/armtools/bin/../lib/gcc/arm-atollic-eabi/6.3.1/armv7-m\libgcc.a(_arm_cmpdf2.o)
                0x080008f4                __gtdf2
                0x080008f4                __gedf2
                0x080008fc                __ltdf2
                0x080008fc                __ledf2
                0x08000904                __nedf2
                0x08000904                __eqdf2
                0x08000904                __cmpdf2
                0x08000980                __aeabi_cdrcmple
                0x08000990                __aeabi_cdcmpeq
                0x08000990                __aeabi_cdcmple
                0x080009a0                __aeabi_dcmpeq
                0x080009b4                __aeabi_dcmplt
                0x080009c8                __aeabi_dcmple
                0x080009dc                __aeabi_dcmpge
                0x080009f0                __aeabi_dcmpgt
 .text          0x08000a04       0x2c c:/program files (x86)/atollic/truestudio for stm32 9.0.1/armtools/bin/../lib/gcc/arm-atollic-eabi/6.3.1/armv7-m\libgcc.a(_arm_unorddf2.o)
                0x08000a04                __unorddf2
                0x08000a04                __aeabi_dcmpun
 .text          0x08000a30       0x50 c:/program files (x86)/atollic/truestudio for stm32 9.0.1/armtools/bin/../lib/gcc/arm-atollic-eabi/6.3.1/armv7-m\libgcc.a(_arm_fixdfsi.o)
                0x08000a30                __aeabi_d2iz
                0x08000a30                __fixdfsi
 .text          0x08000a80       0xa0 c:/program files (x86)/atollic/truestudio for stm32 9.0.1/armtools/bin/../lib/gcc/arm-atollic-eabi/6.3.1/armv7-m\libgcc.a(_arm_truncdfsf2.o)
                0x08000a80                __truncdfsf2
                0x08000a80                __aeabi_d2f
 .text          0x08000b20      0x21c c:/program files (x86)/atollic/truestudio for stm32 9.0.1/armtools/bin/../lib/gcc/arm-atollic-eabi/6.3.1/armv7-m\libgcc.a(_arm_addsubsf3.o)
                0x08000b20                __aeabi_frsub
                0x08000b28                __subsf3
                0x08000b28                __aeabi_fsub
                0x08000b2c                __aeabi_fadd
                0x08000b2c                __addsf3
                0x08000c8c                __aeabi_ui2f
                0x08000c8c                __floatunsisf
                0x08000c94                __aeabi_i2f
                0x08000c94                __floatsisf
                0x08000cb0                __aeabi_ul2f
                0x08000cb0                __floatundisf
                0x08000cc0                __aeabi_l2f
                0x08000cc0                __floatdisf
 .text          0x08000d3c      0x2a0 c:/program files (x86)/atollic/truestudio for stm32 9.0.1/armtools/bin/../lib/gcc/arm-atollic-eabi/6.3.1/armv7-m\libgcc.a(_arm_muldivsf3.o)
                0x08000d3c                __mulsf3
                0x08000d3c                __aeabi_fmul
                0x08000ea4                __aeabi_fdiv
                0x08000ea4                __divsf3
 .text          0x08000fdc       0x40 c:/program files (x86)/atollic/truestudio for stm32 9.0.1/armtools/bin/../lib/gcc/arm-atollic-eabi/6.3.1/armv7-m\libgcc.a(_arm_fixunssfsi.o)
                0x08000fdc                __fixunssfsi
                0x08000fdc                __aeabi_f2uiz
 .text          0x0800101c       0x30 c:/program files (x86)/atollic/truestudio for stm32 9.0.1/armtools/bin/../lib/gcc/arm-atollic-eabi/6.3.1/armv7-m\libgcc.a(_aeabi_uldivmod.o)
                0x0800101c                __aeabi_uldivmod
 .text          0x0800104c      0x2dc c:/program files (x86)/atollic/truestudio for stm32 9.0.1/armtools/bin/../lib/gcc/arm-atollic-eabi/6.3.1/armv7-m\libgcc.a(_udivmoddi4.o)
                0x0800104c                __udivmoddi4
 .text          0x08001328        0x4 c:/program files (x86)/atollic/truestudio for stm32 9.0.1/armtools/bin/../lib/gcc/arm-atollic-eabi/6.3.1/armv7-m\libgcc.a(_dvmd_tls.o)
                0x08001328                __aeabi_idiv0
                0x08001328                __aeabi_ldiv0
 *(.text*)
 .text.NVIC_PriorityGroupConfig
                0x0800132c       0x24 Libraries\STM32F10x_StdPeriph_Driver\src\misc.o
                0x0800132c                NVIC_PriorityGroupConfig
 .text.NVIC_Init
                0x08001350       0xc4 Libraries\STM32F10x_StdPeriph_Driver\src\misc.o
                0x08001350                NVIC_Init
 .text.ADC_DeInit
                0x08001414       0x74 Libraries\STM32F10x_StdPeriph_Driver\src\stm32f10x_adc.o
                0x08001414                ADC_DeInit
 .text.ADC_Init
                0x08001488       0xa4 Libraries\STM32F10x_StdPeriph_Driver\src\stm32f10x_adc.o
                0x08001488                ADC_Init
 .text.ADC_Cmd  0x0800152c       0x36 Libraries\STM32F10x_StdPeriph_Driver\src\stm32f10x_adc.o
                0x0800152c                ADC_Cmd
 .text.ADC_ITConfig
                0x08001562       0x44 Libraries\STM32F10x_StdPeriph_Driver\src\stm32f10x_adc.o
                0x08001562                ADC_ITConfig
 .text.ADC_ResetCalibration
                0x080015a6       0x1e Libraries\STM32F10x_StdPeriph_Driver\src\stm32f10x_adc.o
                0x080015a6                ADC_ResetCalibration
 .text.ADC_GetResetCalibrationStatus
                0x080015c4       0x2e Libraries\STM32F10x_StdPeriph_Driver\src\stm32f10x_adc.o
                0x080015c4                ADC_GetResetCalibrationStatus
 .text.ADC_StartCalibration
                0x080015f2       0x1e Libraries\STM32F10x_StdPeriph_Driver\src\stm32f10x_adc.o
                0x080015f2                ADC_StartCalibration
 .text.ADC_GetCalibrationStatus
                0x08001610       0x2e Libraries\STM32F10x_StdPeriph_Driver\src\stm32f10x_adc.o
                0x08001610                ADC_GetCalibrationStatus
 .text.ADC_SoftwareStartConvCmd
                0x0800163e       0x36 Libraries\STM32F10x_StdPeriph_Driver\src\stm32f10x_adc.o
                0x0800163e                ADC_SoftwareStartConvCmd
 .text.ADC_RegularChannelConfig
                0x08001674      0x192 Libraries\STM32F10x_StdPeriph_Driver\src\stm32f10x_adc.o
                0x08001674                ADC_RegularChannelConfig
 .text.ADC_GetConversionValue
                0x08001806       0x18 Libraries\STM32F10x_StdPeriph_Driver\src\stm32f10x_adc.o
                0x08001806                ADC_GetConversionValue
 .text.ADC_GetFlagStatus
                0x0800181e       0x32 Libraries\STM32F10x_StdPeriph_Driver\src\stm32f10x_adc.o
                0x0800181e                ADC_GetFlagStatus
 .text.ADC_ClearFlag
                0x08001850       0x1e Libraries\STM32F10x_StdPeriph_Driver\src\stm32f10x_adc.o
                0x08001850                ADC_ClearFlag
 .text.ADC_ClearITPendingBit
                0x0800186e       0x2a Libraries\STM32F10x_StdPeriph_Driver\src\stm32f10x_adc.o
                0x0800186e                ADC_ClearITPendingBit
 .text.BKP_DeInit
                0x08001898       0x14 Libraries\STM32F10x_StdPeriph_Driver\src\stm32f10x_bkp.o
                0x08001898                BKP_DeInit
 .text.BKP_WriteBackupRegister
                0x080018ac       0x38 Libraries\STM32F10x_StdPeriph_Driver\src\stm32f10x_bkp.o
                0x080018ac                BKP_WriteBackupRegister
 .text.BKP_ReadBackupRegister
                0x080018e4       0x30 Libraries\STM32F10x_StdPeriph_Driver\src\stm32f10x_bkp.o
                0x080018e4                BKP_ReadBackupRegister
 .text.FLASH_UnlockBank1
                0x08001914       0x24 Libraries\STM32F10x_StdPeriph_Driver\src\stm32f10x_flash.o
                0x08001914                FLASH_UnlockBank1
 .text.FLASH_LockBank1
                0x08001938       0x1c Libraries\STM32F10x_StdPeriph_Driver\src\stm32f10x_flash.o
                0x08001938                FLASH_LockBank1
 .text.FLASH_ErasePage
                0x08001954       0x64 Libraries\STM32F10x_StdPeriph_Driver\src\stm32f10x_flash.o
                0x08001954                FLASH_ErasePage
 .text.FLASH_ProgramWord
                0x080019b8       0x94 Libraries\STM32F10x_StdPeriph_Driver\src\stm32f10x_flash.o
                0x080019b8                FLASH_ProgramWord
 .text.FLASH_ClearFlag
                0x08001a4c       0x1c Libraries\STM32F10x_StdPeriph_Driver\src\stm32f10x_flash.o
                0x08001a4c                FLASH_ClearFlag
 .text.FLASH_GetBank1Status
                0x08001a68       0x54 Libraries\STM32F10x_StdPeriph_Driver\src\stm32f10x_flash.o
                0x08001a68                FLASH_GetBank1Status
 .text.FLASH_WaitForLastOperation
                0x08001abc       0x44 Libraries\STM32F10x_StdPeriph_Driver\src\stm32f10x_flash.o
                0x08001abc                FLASH_WaitForLastOperation
 .text.GPIO_Init
                0x08001b00      0x178 Libraries\STM32F10x_StdPeriph_Driver\src\stm32f10x_gpio.o
                0x08001b00                GPIO_Init
 .text.PWR_BackupAccessCmd
                0x08001c78       0x20 Libraries\STM32F10x_StdPeriph_Driver\src\stm32f10x_pwr.o
                0x08001c78                PWR_BackupAccessCmd
 .text.RCC_ADCCLKConfig
                0x08001c98       0x38 Libraries\STM32F10x_StdPeriph_Driver\src\stm32f10x_rcc.o
                0x08001c98                RCC_ADCCLKConfig
 .text.RCC_LSEConfig
                0x08001cd0       0x40 Libraries\STM32F10x_StdPeriph_Driver\src\stm32f10x_rcc.o
                0x08001cd0                RCC_LSEConfig
 .text.RCC_RTCCLKConfig
                0x08001d10       0x24 Libraries\STM32F10x_StdPeriph_Driver\src\stm32f10x_rcc.o
                0x08001d10                RCC_RTCCLKConfig
 .text.RCC_RTCCLKCmd
                0x08001d34       0x20 Libraries\STM32F10x_StdPeriph_Driver\src\stm32f10x_rcc.o
                0x08001d34                RCC_RTCCLKCmd
 .text.RCC_GetClocksFreq
                0x08001d54      0x160 Libraries\STM32F10x_StdPeriph_Driver\src\stm32f10x_rcc.o
                0x08001d54                RCC_GetClocksFreq
 .text.RCC_APB2PeriphClockCmd
                0x08001eb4       0x3c Libraries\STM32F10x_StdPeriph_Driver\src\stm32f10x_rcc.o
                0x08001eb4                RCC_APB2PeriphClockCmd
 .text.RCC_APB1PeriphClockCmd
                0x08001ef0       0x3c Libraries\STM32F10x_StdPeriph_Driver\src\stm32f10x_rcc.o
                0x08001ef0                RCC_APB1PeriphClockCmd
 .text.RCC_APB2PeriphResetCmd
                0x08001f2c       0x3c Libraries\STM32F10x_StdPeriph_Driver\src\stm32f10x_rcc.o
                0x08001f2c                RCC_APB2PeriphResetCmd
 .text.RCC_BackupResetCmd
                0x08001f68       0x20 Libraries\STM32F10x_StdPeriph_Driver\src\stm32f10x_rcc.o
                0x08001f68                RCC_BackupResetCmd
 .text.RCC_GetFlagStatus
                0x08001f88       0x74 Libraries\STM32F10x_StdPeriph_Driver\src\stm32f10x_rcc.o
                0x08001f88                RCC_GetFlagStatus
 .text.RCC_ClearFlag
                0x08001ffc       0x1c Libraries\STM32F10x_StdPeriph_Driver\src\stm32f10x_rcc.o
                0x08001ffc                RCC_ClearFlag
 .text.RTC_ITConfig
                0x08002018       0x4c Libraries\STM32F10x_StdPeriph_Driver\src\stm32f10x_rtc.o
                0x08002018                RTC_ITConfig
 .text.RTC_EnterConfigMode
                0x08002064       0x20 Libraries\STM32F10x_StdPeriph_Driver\src\stm32f10x_rtc.o
                0x08002064                RTC_EnterConfigMode
 .text.RTC_ExitConfigMode
                0x08002084       0x20 Libraries\STM32F10x_StdPeriph_Driver\src\stm32f10x_rtc.o
                0x08002084                RTC_ExitConfigMode
 .text.RTC_GetCounter
                0x080020a4       0x50 Libraries\STM32F10x_StdPeriph_Driver\src\stm32f10x_rtc.o
                0x080020a4                RTC_GetCounter
 .text.RTC_SetCounter
                0x080020f4       0x30 Libraries\STM32F10x_StdPeriph_Driver\src\stm32f10x_rtc.o
                0x080020f4                RTC_SetCounter
 .text.RTC_SetPrescaler
                0x08002124       0x34 Libraries\STM32F10x_StdPeriph_Driver\src\stm32f10x_rtc.o
                0x08002124                RTC_SetPrescaler
 .text.RTC_WaitForLastTask
                0x08002158       0x20 Libraries\STM32F10x_StdPeriph_Driver\src\stm32f10x_rtc.o
                0x08002158                RTC_WaitForLastTask
 .text.RTC_WaitForSynchro
                0x08002178       0x30 Libraries\STM32F10x_StdPeriph_Driver\src\stm32f10x_rtc.o
                0x08002178                RTC_WaitForSynchro
 .text.RTC_GetITStatus
                0x080021a8       0x50 Libraries\STM32F10x_StdPeriph_Driver\src\stm32f10x_rtc.o
                0x080021a8                RTC_GetITStatus
 .text.RTC_ClearITPendingBit
                0x080021f8       0x2c Libraries\STM32F10x_StdPeriph_Driver\src\stm32f10x_rtc.o
                0x080021f8                RTC_ClearITPendingBit
 .text.TIM_TimeBaseInit
                0x08002224       0xf8 Libraries\STM32F10x_StdPeriph_Driver\src\stm32f10x_tim.o
                0x08002224                TIM_TimeBaseInit
 .text.TIM_OC1Init
                0x0800231c      0x118 Libraries\STM32F10x_StdPeriph_Driver\src\stm32f10x_tim.o
                0x0800231c                TIM_OC1Init
 .text.TIM_OC2Init
                0x08002434      0x110 Libraries\STM32F10x_StdPeriph_Driver\src\stm32f10x_tim.o
                0x08002434                TIM_OC2Init
 .text.TIM_OC3Init
                0x08002544      0x10c Libraries\STM32F10x_StdPeriph_Driver\src\stm32f10x_tim.o
                0x08002544                TIM_OC3Init
 .text.TIM_OC4Init
                0x08002650       0xd0 Libraries\STM32F10x_StdPeriph_Driver\src\stm32f10x_tim.o
                0x08002650                TIM_OC4Init
 .text.TIM_TimeBaseStructInit
                0x08002720       0x32 Libraries\STM32F10x_StdPeriph_Driver\src\stm32f10x_tim.o
                0x08002720                TIM_TimeBaseStructInit
 .text.TIM_OCStructInit
                0x08002752       0x42 Libraries\STM32F10x_StdPeriph_Driver\src\stm32f10x_tim.o
                0x08002752                TIM_OCStructInit
 .text.TIM_Cmd  0x08002794       0x3e Libraries\STM32F10x_StdPeriph_Driver\src\stm32f10x_tim.o
                0x08002794                TIM_Cmd
 .text.TIM_CtrlPWMOutputs
                0x080027d2       0x4a Libraries\STM32F10x_StdPeriph_Driver\src\stm32f10x_tim.o
                0x080027d2                TIM_CtrlPWMOutputs
 .text.TIM_ITConfig
                0x0800281c       0x46 Libraries\STM32F10x_StdPeriph_Driver\src\stm32f10x_tim.o
                0x0800281c                TIM_ITConfig
 .text.TIM_OC1PreloadConfig
                0x08002862       0x36 Libraries\STM32F10x_StdPeriph_Driver\src\stm32f10x_tim.o
                0x08002862                TIM_OC1PreloadConfig
 .text.TIM_OC2PreloadConfig
                0x08002898       0x3a Libraries\STM32F10x_StdPeriph_Driver\src\stm32f10x_tim.o
                0x08002898                TIM_OC2PreloadConfig
 .text.TIM_OC3PreloadConfig
                0x080028d2       0x36 Libraries\STM32F10x_StdPeriph_Driver\src\stm32f10x_tim.o
                0x080028d2                TIM_OC3PreloadConfig
 .text.TIM_OC4PreloadConfig
                0x08002908       0x3a Libraries\STM32F10x_StdPeriph_Driver\src\stm32f10x_tim.o
                0x08002908                TIM_OC4PreloadConfig
 .text.TIM_ClearITPendingBit
                0x08002942       0x20 Libraries\STM32F10x_StdPeriph_Driver\src\stm32f10x_tim.o
                0x08002942                TIM_ClearITPendingBit
 *fill*         0x08002962        0x2 
 .text.USART_Init
                0x08002964      0x174 Libraries\STM32F10x_StdPeriph_Driver\src\stm32f10x_usart.o
                0x08002964                USART_Init
 .text.USART_Cmd
                0x08002ad8       0x3e Libraries\STM32F10x_StdPeriph_Driver\src\stm32f10x_usart.o
                0x08002ad8                USART_Cmd
 .text.USART_ITConfig
                0x08002b16       0x8e Libraries\STM32F10x_StdPeriph_Driver\src\stm32f10x_usart.o
                0x08002b16                USART_ITConfig
 .text.USART_SendData
                0x08002ba4       0x22 Libraries\STM32F10x_StdPeriph_Driver\src\stm32f10x_usart.o
                0x08002ba4                USART_SendData
 .text.USART_ReceiveData
                0x08002bc6       0x1e Libraries\STM32F10x_StdPeriph_Driver\src\stm32f10x_usart.o
                0x08002bc6                USART_ReceiveData
 .text.USART_GetITStatus
                0x08002be4       0xb4 Libraries\STM32F10x_StdPeriph_Driver\src\stm32f10x_usart.o
                0x08002be4                USART_GetITStatus
 .text.NVIC_EnableIRQ
                0x08002c98       0x30 src\main.o
 .text.NVIC_SetPriority
                0x08002cc8       0x54 src\main.o
 .text.NVIC_SystemReset
                0x08002d1c       0x28 src\main.o
 .text.SysTick_Config
                0x08002d44       0x44 src\main.o
 .text.BCDToBin
                0x08002d88       0x28 src\main.o
                0x08002d88                BCDToBin
 .text.binToBCD
                0x08002db0       0x48 src\main.o
                0x08002db0                binToBCD
 .text.bytesToInt
                0x08002df8       0x28 src\main.o
                0x08002df8                bytesToInt
 .text.swapBytes
                0x08002e20       0x28 src\main.o
                0x08002e20                swapBytes
 .text.TIM2Init
                0x08002e48       0x72 src\main.o
                0x08002e48                TIM2Init
 *fill*         0x08002eba        0x2 
 .text.disableADCIRQ
                0x08002ebc       0x20 src\main.o
                0x08002ebc                disableADCIRQ
 .text.readADC1NoIRQ
                0x08002edc       0x4c src\main.o
                0x08002edc                readADC1NoIRQ
 .text.getADC   0x08002f28       0x24 src\main.o
                0x08002f28                getADC
 .text.ADC1_2_IRQHandler
                0x08002f4c       0x18 src\main.o
                0x08002f4c                ADC1_2_IRQHandler
 .text.ADCRegConfigure
                0x08002f64       0x9c src\main.o
                0x08002f64                ADCRegConfigure
 .text.ADCIOConfigure
                0x08003000       0x28 src\main.o
                0x08003000                ADCIOConfigure
 .text.writePWM
                0x08003028       0x60 src\main.o
                0x08003028                writePWM
 .text.initTimer1PWM
                0x08003088      0x124 src\main.o
                0x08003088                initTimer1PWM
 .text.ULongToBytes
                0x080031ac       0x1e src\main.o
                0x080031ac                ULongToBytes
 .text.bytesToULong
                0x080031ca       0x1a src\main.o
                0x080031ca                bytesToULong
 .text.readFLASH
                0x080031e4       0x50 src\main.o
                0x080031e4                readFLASH
 .text.readMessage
                0x08003234       0x30 src\main.o
                0x08003234                readMessage
 .text.writeFLASH
                0x08003264       0x78 src\main.o
                0x08003264                writeFLASH
 .text.writeMessage
                0x080032dc       0x30 src\main.o
                0x080032dc                writeMessage
 .text.alignOnLong
                0x0800330c       0x2a src\main.o
                0x0800330c                alignOnLong
 *fill*         0x08003336        0x2 
 .text.makeTimeFromSeconds
                0x08003338      0x218 src\main.o
                0x08003338                makeTimeFromSeconds
 .text.secondsSince2000
                0x08003550      0x194 src\main.o
                0x08003550                secondsSince2000
 .text.bcdToBin
                0x080036e4       0x34 src\main.o
                0x080036e4                bcdToBin
 .text.binToBcd
                0x08003718       0x48 src\main.o
                0x08003718                binToBcd
 .text.binToBcdArray
                0x08003760       0x44 src\main.o
                0x08003760                binToBcdArray
 .text.bcdToBinArray
                0x080037a4       0x44 src\main.o
                0x080037a4                bcdToBinArray
 .text.adjustClock
                0x080037e8       0x2e src\main.o
                0x080037e8                adjustClock
 *fill*         0x08003816        0x2 
 .text.writeDefaultTime
                0x08003818       0x28 src\main.o
                0x08003818                writeDefaultTime
 .text.RTC_IRQHandler
                0x08003840       0x28 src\main.o
                0x08003840                RTC_IRQHandler
 .text.RTC_Configuration
                0x08003868       0x5e src\main.o
                0x08003868                RTC_Configuration
 .text.initIRQ_RTC
                0x080038c6       0x2e src\main.o
                0x080038c6                initIRQ_RTC
 .text.initRTC  0x080038f4       0x6e src\main.o
                0x080038f4                initRTC
 *fill*         0x08003962        0x2 
 .text.DEBUG_USART_Init
                0x08003964       0x88 src\main.o
                0x08003964                DEBUG_USART_Init
 .text.SERVER_USART_Init
                0x080039ec       0x94 src\main.o
                0x080039ec                SERVER_USART_Init
 .text.gpioInit
                0x08003a80       0x7c src\main.o
                0x08003a80                gpioInit
 .text.delay_ms
                0x08003afc       0x38 src\main.o
                0x08003afc                delay_ms
 .text.OWInit   0x08003b34       0x34 src\main.o
                0x08003b34                OWInit
 .text.OWResetPulse
                0x08003b68       0x90 src\main.o
                0x08003b68                OWResetPulse
 .text.OWWrite1
                0x08003bf8       0x4c src\main.o
                0x08003bf8                OWWrite1
 .text.OWWrite0
                0x08003c44       0x4c src\main.o
                0x08003c44                OWWrite0
 .text.OWWriteBit
                0x08003c90       0x22 src\main.o
                0x08003c90                OWWriteBit
 *fill*         0x08003cb2        0x2 
 .text.OWReadBit
                0x08003cb4       0x7c src\main.o
                0x08003cb4                OWReadBit
 .text.OWWriteByte
                0x08003d30       0x3e src\main.o
                0x08003d30                OWWriteByte
 .text.OWReadByte
                0x08003d6e       0x42 src\main.o
                0x08003d6e                OWReadByte
 .text.OWResetCRC
                0x08003db0       0x18 src\main.o
                0x08003db0                OWResetCRC
 .text.OWCRC    0x08003dc8       0x34 src\main.o
                0x08003dc8                OWCRC
 .text.OWSearch
                0x08003dfc      0x194 src\main.o
                0x08003dfc                OWSearch
 .text.OWMatchROM
                0x08003f90       0x40 src\main.o
                0x08003f90                OWMatchROM
 .text.OWFirst  0x08003fd0       0x24 src\main.o
                0x08003fd0                OWFirst
 .text.OWNext   0x08003ff4        0xe src\main.o
                0x08003ff4                OWNext
 *fill*         0x08004002        0x2 
 .text.OWSearchROM
                0x08004004       0x98 src\main.o
                0x08004004                OWSearchROM
 .text.ds18b20Init
                0x0800409c       0x28 src\main.o
                0x0800409c                ds18b20Init
 .text.ds18b20SetPrecision
                0x080040c4       0x50 src\main.o
                0x080040c4                ds18b20SetPrecision
 .text.ds18b20ConvertTemperature
                0x08004114       0x24 src\main.o
                0x08004114                ds18b20ConvertTemperature
 .text.ds18b20ConvertTemperatureAll
                0x08004138       0x50 src\main.o
                0x08004138                ds18b20ConvertTemperatureAll
 .text.ds18b20DecodeTemperatureRaw
                0x08004188       0x76 src\main.o
                0x08004188                ds18b20DecodeTemperatureRaw
 .text.ds18b20ReadTemperatureRaw
                0x080041fe       0x36 src\main.o
                0x080041fe                ds18b20ReadTemperatureRaw
 .text.ds18b20ReadTemperatureAllRaw
                0x08004234       0x80 src\main.o
                0x08004234                ds18b20ReadTemperatureAllRaw
 .text.ds18b20WaitForConversion
                0x080042b4       0x50 src\main.o
                0x080042b4                ds18b20WaitForConversion
 .text.searchOneWire
                0x08004304       0x24 src\main.o
                0x08004304                searchOneWire
 .text.readDS1820
                0x08004328       0x48 src\main.o
                0x08004328                readDS1820
 .text.padString
                0x08004370       0x60 src\main.o
                0x08004370                padString
 .text.formatTemperature
                0x080043d0       0xd4 src\main.o
                0x080043d0                formatTemperature
 .text.enableGPIO
                0x080044a4       0x12 src\main.o
                0x080044a4                enableGPIO
 *fill*         0x080044b6        0x2 
 .text.shiftRowData
                0x080044b8      0x118 src\main.o
                0x080044b8                shiftRowData
 .text.shiftRowsDown
                0x080045d0       0xc0 src\main.o
                0x080045d0                shiftRowsDown
 .text.copyVirtualRam
                0x08004690       0x1c src\main.o
                0x08004690                copyVirtualRam
 .text.copyToScreenRam
                0x080046ac       0x7c src\main.o
                0x080046ac                copyToScreenRam
 .text.writeScreen
                0x08004728       0x98 src\main.o
                0x08004728                writeScreen
 .text.dmdWriteByte
                0x080047c0       0x7c src\main.o
                0x080047c0                dmdWriteByte
 .text.enableOutput
                0x0800483c       0x90 src\main.o
                0x0800483c                enableOutput
 .text.readMsg  0x080048cc       0xa4 src\main.o
                0x080048cc                readMsg
 .text.readNextWord
                0x08004970       0x70 src\main.o
                0x08004970                readNextWord
 .text.getFont  0x080049e0       0x44 src\main.o
                0x080049e0                getFont
 .text.fillLeft2Right
                0x08004a24      0x27c src\main.o
                0x08004a24                fillLeft2Right
 .text.slideDown
                0x08004ca0      0x184 src\main.o
                0x08004ca0                slideDown
 .text.displayClk
                0x08004e24       0xc8 src\main.o
                0x08004e24                displayClk
 .text.dispTemp
                0x08004eec       0xd0 src\main.o
                0x08004eec                dispTemp
 .text.scrollMsg
                0x08004fbc       0xd8 src\main.o
                0x08004fbc                scrollMsg
 .text.clearDMD
                0x08005094       0x38 src\main.o
                0x08005094                clearDMD
 .text.initVars
                0x080050cc       0x3c src\main.o
                0x080050cc                initVars
 .text.formatMsg
                0x08005108      0x158 src\main.o
                0x08005108                formatMsg
 .text.padMsg   0x08005260       0xbc src\main.o
                0x08005260                padMsg
 .text.printTime
                0x0800531c      0x150 src\main.o
 .text.printTemp
                0x0800546c       0x38 src\main.o
                0x0800546c                printTemp
 .text.USART1_IRQHandler
                0x080054a4       0x2c src\main.o
                0x080054a4                USART1_IRQHandler
 .text.USART2_IRQHandler
                0x080054d0       0xf4 src\main.o
                0x080054d0                USART2_IRQHandler
 .text.readFlashData
                0x080055c4       0x5c src\main.o
                0x080055c4                readFlashData
 .text.writeFlashData
                0x08005620       0x7c src\main.o
                0x08005620                writeFlashData
 .text.printStatus
                0x0800569c       0x64 src\main.o
                0x0800569c                printStatus
 .text.rtcc     0x08005700       0x78 src\main.o
                0x08005700                rtcc
 .text.deviceRead
                0x08005778      0x188 src\main.o
                0x08005778                deviceRead
 .text.deviceWrite
                0x08005900      0x144 src\main.o
                0x08005900                deviceWrite
 .text.checkServerRequest
                0x08005a44      0x108 src\main.o
                0x08005a44                checkServerRequest
 .text.asciiToBin
                0x08005b4c       0x3c src\main.o
                0x08005b4c                asciiToBin
 .text.initDS18B20
                0x08005b88       0x10 src\main.o
                0x08005b88                initDS18B20
 .text.initSys  0x08005b98       0x64 src\main.o
                0x08005b98                initSys
 .text.disableJTAG
                0x08005bfc       0x28 src\main.o
                0x08005bfc                disableJTAG
 .text.main     0x08005c24       0x38 src\main.o
                0x08005c24                main
 .text.getUserMsg
                0x08005c5c      0x1e4 src\main.o
                0x08005c5c                getUserMsg
 .text.runLoop  0x08005e40       0x88 src\main.o
                0x08005e40                runLoop
 .text.SysTick_Handler
                0x08005ec8       0xac src\main.o
                0x08005ec8                SysTick_Handler
 .text.selectMsg
                0x08005f74       0x98 src\main.o
                0x08005f74                selectMsg
 .text.arrayShiftRight
                0x0800600c       0x3a src\main.o
                0x0800600c                arrayShiftRight
 *fill*         0x08006046        0x2 
 .text.getMsgWidth
                0x08006048       0x68 src\main.o
                0x08006048                getMsgWidth
 .text.centreText
                0x080060b0       0x60 src\main.o
                0x080060b0                centreText
 .text.extractText
                0x08006110      0x130 src\main.o
                0x08006110                extractText
 .text.getSize  0x08006240       0xa0 src\main.o
                0x08006240                getSize
 .text.formatStatic
                0x080062e0      0x154 src\main.o
                0x080062e0                formatStatic
 .text.getBrightness
                0x08006434       0xc8 src\main.o
                0x08006434                getBrightness
 .text.Reset_Handler
                0x080064fc       0x50 src\startup_stm32f10x_md.o
                0x080064fc                Reset_Handler
 .text.Default_Handler
                0x0800654c        0x2 src\startup_stm32f10x_md.o
                0x0800654c                EXTI2_IRQHandler
                0x0800654c                TIM1_CC_IRQHandler
                0x0800654c                PVD_IRQHandler
                0x0800654c                EXTI3_IRQHandler
                0x0800654c                EXTI0_IRQHandler
                0x0800654c                I2C2_EV_IRQHandler
                0x0800654c                SPI1_IRQHandler
                0x0800654c                TAMPER_IRQHandler
                0x0800654c                DMA1_Channel4_IRQHandler
                0x0800654c                USART3_IRQHandler
                0x0800654c                DMA1_Channel7_IRQHandler
                0x0800654c                CAN1_RX1_IRQHandler
                0x0800654c                TIM4_IRQHandler
                0x0800654c                I2C1_EV_IRQHandler
                0x0800654c                DMA1_Channel6_IRQHandler
                0x0800654c                TIM3_IRQHandler
                0x0800654c                RCC_IRQHandler
                0x0800654c                TIM1_TRG_COM_IRQHandler
                0x0800654c                DMA1_Channel1_IRQHandler
                0x0800654c                Default_Handler
                0x0800654c                EXTI15_10_IRQHandler
                0x0800654c                EXTI9_5_IRQHandler
                0x0800654c                SPI2_IRQHandler
                0x0800654c                DMA1_Channel5_IRQHandler
                0x0800654c                EXTI4_IRQHandler
                0x0800654c                USB_LP_CAN1_RX0_IRQHandler
                0x0800654c                USB_HP_CAN1_TX_IRQHandler
                0x0800654c                DMA1_Channel3_IRQHandler
                0x0800654c                TIM1_UP_IRQHandler
                0x0800654c                WWDG_IRQHandler
                0x0800654c                TIM2_IRQHandler
                0x0800654c                TIM1_BRK_IRQHandler
                0x0800654c                EXTI1_IRQHandler
                0x0800654c                RTCAlarm_IRQHandler
                0x0800654c                I2C2_ER_IRQHandler
                0x0800654c                DMA1_Channel2_IRQHandler
                0x0800654c                CAN1_SCE_IRQHandler
                0x0800654c                FLASH_IRQHandler
                0x0800654c                I2C1_ER_IRQHandler
                0x0800654c                USBWakeUp_IRQHandler
 .text.NMI_Handler
                0x0800654e        0xc src\stm32f1xx_it.o
                0x0800654e                NMI_Handler
 .text.HardFault_Handler
                0x0800655a        0x6 src\stm32f1xx_it.o
                0x0800655a                HardFault_Handler
 .text.MemManage_Handler
                0x08006560        0x6 src\stm32f1xx_it.o
                0x08006560                MemManage_Handler
 .text.BusFault_Handler
                0x08006566        0x6 src\stm32f1xx_it.o
                0x08006566                BusFault_Handler
 .text.UsageFault_Handler
                0x0800656c        0x6 src\stm32f1xx_it.o
                0x0800656c                UsageFault_Handler
 .text.SVC_Handler
                0x08006572        0xc src\stm32f1xx_it.o
                0x08006572                SVC_Handler
 .text.DebugMon_Handler
                0x0800657e        0xc src\stm32f1xx_it.o
                0x0800657e                DebugMon_Handler
 .text.PendSV_Handler
                0x0800658a        0xc src\stm32f1xx_it.o
                0x0800658a                PendSV_Handler
 *fill*         0x08006596        0x2 
 .text.SystemInit
                0x08006598       0x68 src\system_stm32f10x.o
                0x08006598                SystemInit
 .text.SetSysClock
                0x08006600        0xc src\system_stm32f10x.o
 .text.SetSysClockTo72
                0x0800660c      0x100 src\system_stm32f10x.o
 .text.__libc_init_array
                0x0800670c       0x48 c:/program files (x86)/atollic/truestudio for stm32 9.0.1/armtools/bin/../lib/gcc/arm-atollic-eabi/6.3.1/../../../../arm-atollic-eabi/lib/armv7-m\libc.a(lib_a-init.o)
                0x0800670c                __libc_init_array
 .text.__locale_ctype_ptr
                0x08006754       0x1c c:/program files (x86)/atollic/truestudio for stm32 9.0.1/armtools/bin/../lib/gcc/arm-atollic-eabi/6.3.1/../../../../arm-atollic-eabi/lib/armv7-m\libc.a(lib_a-locale.o)
                0x08006754                __locale_ctype_ptr
 .text.__ascii_mbtowc
                0x08006770       0x24 c:/program files (x86)/atollic/truestudio for stm32 9.0.1/armtools/bin/../lib/gcc/arm-atollic-eabi/6.3.1/../../../../arm-atollic-eabi/lib/armv7-m\libc.a(lib_a-mbtowc_r.o)
                0x08006770                __ascii_mbtowc
 .text.memcpy   0x08006794       0x16 c:/program files (x86)/atollic/truestudio for stm32 9.0.1/armtools/bin/../lib/gcc/arm-atollic-eabi/6.3.1/../../../../arm-atollic-eabi/lib/armv7-m\libc.a(lib_a-memcpy-stub.o)
                0x08006794                memcpy
 .text.memset   0x080067aa       0x10 c:/program files (x86)/atollic/truestudio for stm32 9.0.1/armtools/bin/../lib/gcc/arm-atollic-eabi/6.3.1/../../../../arm-atollic-eabi/lib/armv7-m\libc.a(lib_a-memset.o)
                0x080067aa                memset
 *fill*         0x080067ba        0x2 
 .text.sprintf  0x080067bc       0x48 c:/program files (x86)/atollic/truestudio for stm32 9.0.1/armtools/bin/../lib/gcc/arm-atollic-eabi/6.3.1/../../../../arm-atollic-eabi/lib/armv7-m\libc.a(lib_a-sprintf.o)
                0x080067bc                sprintf
 .text.strcat   0x08006804       0x1e c:/program files (x86)/atollic/truestudio for stm32 9.0.1/armtools/bin/../lib/gcc/arm-atollic-eabi/6.3.1/../../../../arm-atollic-eabi/lib/armv7-m\libc.a(lib_a-strcat.o)
                0x08006804                strcat
 .text.strchr   0x08006822       0x1c c:/program files (x86)/atollic/truestudio for stm32 9.0.1/armtools/bin/../lib/gcc/arm-atollic-eabi/6.3.1/../../../../arm-atollic-eabi/lib/armv7-m\libc.a(lib_a-strchr.o)
                0x08006822                strchr
 .text.strcpy   0x0800683e       0x10 c:/program files (x86)/atollic/truestudio for stm32 9.0.1/armtools/bin/../lib/gcc/arm-atollic-eabi/6.3.1/../../../../arm-atollic-eabi/lib/armv7-m\libc.a(lib_a-strcpy.o)
                0x0800683e                strcpy
 .text.strrchr  0x0800684e       0x26 c:/program files (x86)/atollic/truestudio for stm32 9.0.1/armtools/bin/../lib/gcc/arm-atollic-eabi/6.3.1/../../../../arm-atollic-eabi/lib/armv7-m\libc.a(lib_a-strrchr.o)
                0x0800684e                strrchr
 .text._svfprintf_r
                0x08006874      0xfa0 c:/program files (x86)/atollic/truestudio for stm32 9.0.1/armtools/bin/../lib/gcc/arm-atollic-eabi/6.3.1/../../../../arm-atollic-eabi/lib/armv7-m\libc.a(lib_a-svfprintf.o)
                0x08006874                _svfprintf_r
 .text.__ascii_wctomb
                0x08007814       0x1a c:/program files (x86)/atollic/truestudio for stm32 9.0.1/armtools/bin/../lib/gcc/arm-atollic-eabi/6.3.1/../../../../arm-atollic-eabi/lib/armv7-m\libc.a(lib_a-wctomb_r.o)
                0x08007814                __ascii_wctomb
 .text.quorem   0x0800782e      0x118 c:/program files (x86)/atollic/truestudio for stm32 9.0.1/armtools/bin/../lib/gcc/arm-atollic-eabi/6.3.1/../../../../arm-atollic-eabi/lib/armv7-m\libc.a(lib_a-dtoa.o)
 *fill*         0x08007946        0x2 
 .text._dtoa_r  0x08007948      0xba8 c:/program files (x86)/atollic/truestudio for stm32 9.0.1/armtools/bin/../lib/gcc/arm-atollic-eabi/6.3.1/../../../../arm-atollic-eabi/lib/armv7-m\libc.a(lib_a-dtoa.o)
                0x08007948                _dtoa_r
 .text._localeconv_r
                0x080084f0       0x1c c:/program files (x86)/atollic/truestudio for stm32 9.0.1/armtools/bin/../lib/gcc/arm-atollic-eabi/6.3.1/../../../../arm-atollic-eabi/lib/armv7-m\libc.a(lib_a-localeconv.o)
                0x080084f0                _localeconv_r
 .text.malloc   0x0800850c       0x10 c:/program files (x86)/atollic/truestudio for stm32 9.0.1/armtools/bin/../lib/gcc/arm-atollic-eabi/6.3.1/../../../../arm-atollic-eabi/lib/armv7-m\libc.a(lib_a-malloc.o)
                0x0800850c                malloc
 .text._malloc_r
                0x0800851c      0x418 c:/program files (x86)/atollic/truestudio for stm32 9.0.1/armtools/bin/../lib/gcc/arm-atollic-eabi/6.3.1/../../../../arm-atollic-eabi/lib/armv7-m\libc.a(lib_a-mallocr.o)
                0x0800851c                _malloc_r
 .text.memchr   0x08008934       0x1c c:/program files (x86)/atollic/truestudio for stm32 9.0.1/armtools/bin/../lib/gcc/arm-atollic-eabi/6.3.1/../../../../arm-atollic-eabi/lib/armv7-m\libc.a(lib_a-memchr-stub.o)
                0x08008934                memchr
 .text.__malloc_lock
                0x08008950        0xc c:/program files (x86)/atollic/truestudio for stm32 9.0.1/armtools/bin/../lib/gcc/arm-atollic-eabi/6.3.1/../../../../arm-atollic-eabi/lib/armv7-m\libc.a(lib_a-mlock.o)
                0x08008950                __malloc_lock
 .text.__malloc_unlock
                0x0800895c        0xc c:/program files (x86)/atollic/truestudio for stm32 9.0.1/armtools/bin/../lib/gcc/arm-atollic-eabi/6.3.1/../../../../arm-atollic-eabi/lib/armv7-m\libc.a(lib_a-mlock.o)
                0x0800895c                __malloc_unlock
 .text._Balloc  0x08008968       0x68 c:/program files (x86)/atollic/truestudio for stm32 9.0.1/armtools/bin/../lib/gcc/arm-atollic-eabi/6.3.1/../../../../arm-atollic-eabi/lib/armv7-m\libc.a(lib_a-mprec.o)
                0x08008968                _Balloc
 .text._Bfree   0x080089d0       0x2e c:/program files (x86)/atollic/truestudio for stm32 9.0.1/armtools/bin/../lib/gcc/arm-atollic-eabi/6.3.1/../../../../arm-atollic-eabi/lib/armv7-m\libc.a(lib_a-mprec.o)
                0x080089d0                _Bfree
 .text.__multadd
                0x080089fe       0x76 c:/program files (x86)/atollic/truestudio for stm32 9.0.1/armtools/bin/../lib/gcc/arm-atollic-eabi/6.3.1/../../../../arm-atollic-eabi/lib/armv7-m\libc.a(lib_a-mprec.o)
                0x080089fe                __multadd
 .text.__hi0bits
                0x08008a74       0x3e c:/program files (x86)/atollic/truestudio for stm32 9.0.1/armtools/bin/../lib/gcc/arm-atollic-eabi/6.3.1/../../../../arm-atollic-eabi/lib/armv7-m\libc.a(lib_a-mprec.o)
                0x08008a74                __hi0bits
 .text.__lo0bits
                0x08008ab2       0x5e c:/program files (x86)/atollic/truestudio for stm32 9.0.1/armtools/bin/../lib/gcc/arm-atollic-eabi/6.3.1/../../../../arm-atollic-eabi/lib/armv7-m\libc.a(lib_a-mprec.o)
                0x08008ab2                __lo0bits
 .text.__i2b    0x08008b10       0x12 c:/program files (x86)/atollic/truestudio for stm32 9.0.1/armtools/bin/../lib/gcc/arm-atollic-eabi/6.3.1/../../../../arm-atollic-eabi/lib/armv7-m\libc.a(lib_a-mprec.o)
                0x08008b10                __i2b
 .text.__multiply
                0x08008b22      0x118 c:/program files (x86)/atollic/truestudio for stm32 9.0.1/armtools/bin/../lib/gcc/arm-atollic-eabi/6.3.1/../../../../arm-atollic-eabi/lib/armv7-m\libc.a(lib_a-mprec.o)
                0x08008b22                __multiply
 *fill*         0x08008c3a        0x2 
 .text.__pow5mult
                0x08008c3c       0x9c c:/program files (x86)/atollic/truestudio for stm32 9.0.1/armtools/bin/../lib/gcc/arm-atollic-eabi/6.3.1/../../../../arm-atollic-eabi/lib/armv7-m\libc.a(lib_a-mprec.o)
                0x08008c3c                __pow5mult
 .text.__lshift
                0x08008cd8       0xa2 c:/program files (x86)/atollic/truestudio for stm32 9.0.1/armtools/bin/../lib/gcc/arm-atollic-eabi/6.3.1/../../../../arm-atollic-eabi/lib/armv7-m\libc.a(lib_a-mprec.o)
                0x08008cd8                __lshift
 .text.__mcmp   0x08008d7a       0x34 c:/program files (x86)/atollic/truestudio for stm32 9.0.1/armtools/bin/../lib/gcc/arm-atollic-eabi/6.3.1/../../../../arm-atollic-eabi/lib/armv7-m\libc.a(lib_a-mprec.o)
                0x08008d7a                __mcmp
 .text.__mdiff  0x08008dae       0xbe c:/program files (x86)/atollic/truestudio for stm32 9.0.1/armtools/bin/../lib/gcc/arm-atollic-eabi/6.3.1/../../../../arm-atollic-eabi/lib/armv7-m\libc.a(lib_a-mprec.o)
                0x08008dae                __mdiff
 .text.__d2b    0x08008e6c       0x9e c:/program files (x86)/atollic/truestudio for stm32 9.0.1/armtools/bin/../lib/gcc/arm-atollic-eabi/6.3.1/../../../../arm-atollic-eabi/lib/armv7-m\libc.a(lib_a-mprec.o)
                0x08008e6c                __d2b
 *fill*         0x08008f0a        0x2 
 .text._sbrk_r  0x08008f0c       0x20 c:/program files (x86)/atollic/truestudio for stm32 9.0.1/armtools/bin/../lib/gcc/arm-atollic-eabi/6.3.1/../../../../arm-atollic-eabi/lib/armv7-m\libc.a(lib_a-sbrkr.o)
                0x08008f0c                _sbrk_r
 .text.__ssprint_r
                0x08008f2c       0xf4 c:/program files (x86)/atollic/truestudio for stm32 9.0.1/armtools/bin/../lib/gcc/arm-atollic-eabi/6.3.1/../../../../arm-atollic-eabi/lib/armv7-m\libc.a(lib_a-svfiprintf.o)
                0x08008f2c                __ssprint_r
 .text._calloc_r
                0x08009020       0x5a c:/program files (x86)/atollic/truestudio for stm32 9.0.1/armtools/bin/../lib/gcc/arm-atollic-eabi/6.3.1/../../../../arm-atollic-eabi/lib/armv7-m\libc.a(lib_a-callocr.o)
                0x08009020                _calloc_r
 *fill*         0x0800907a        0x2 
 .text._malloc_trim_r
                0x0800907c       0xac c:/program files (x86)/atollic/truestudio for stm32 9.0.1/armtools/bin/../lib/gcc/arm-atollic-eabi/6.3.1/../../../../arm-atollic-eabi/lib/armv7-m\libc.a(lib_a-freer.o)
                0x0800907c                _malloc_trim_r
 .text._free_r  0x08009128      0x178 c:/program files (x86)/atollic/truestudio for stm32 9.0.1/armtools/bin/../lib/gcc/arm-atollic-eabi/6.3.1/../../../../arm-atollic-eabi/lib/armv7-m\libc.a(lib_a-freer.o)
                0x08009128                _free_r
 .text.__retarget_lock_acquire_recursive
                0x080092a0        0x2 c:/program files (x86)/atollic/truestudio for stm32 9.0.1/armtools/bin/../lib/gcc/arm-atollic-eabi/6.3.1/../../../../arm-atollic-eabi/lib/armv7-m\libc.a(lib_a-lock.o)
                0x080092a0                __retarget_lock_acquire_recursive
 .text.__retarget_lock_release_recursive
                0x080092a2        0x2 c:/program files (x86)/atollic/truestudio for stm32 9.0.1/armtools/bin/../lib/gcc/arm-atollic-eabi/6.3.1/../../../../arm-atollic-eabi/lib/armv7-m\libc.a(lib_a-lock.o)
                0x080092a2                __retarget_lock_release_recursive
 .text.memmove  0x080092a4       0x34 c:/program files (x86)/atollic/truestudio for stm32 9.0.1/armtools/bin/../lib/gcc/arm-atollic-eabi/6.3.1/../../../../arm-atollic-eabi/lib/armv7-m\libc.a(lib_a-memmove.o)
                0x080092a4                memmove
 .text._realloc_r
                0x080092d8      0x304 c:/program files (x86)/atollic/truestudio for stm32 9.0.1/armtools/bin/../lib/gcc/arm-atollic-eabi/6.3.1/../../../../arm-atollic-eabi/lib/armv7-m\libc.a(lib_a-reallocr.o)
                0x080092d8                _realloc_r
 .text._sbrk    0x080095dc       0x1c c:/program files (x86)/atollic/truestudio for stm32 9.0.1/armtools/bin/../lib/gcc/arm-atollic-eabi/6.3.1/../../../../arm-atollic-eabi/lib/armv7-m\libnosys.a(sbrk.o)
                0x080095dc                _sbrk
 *(.glue_7)
 .glue_7        0x080095f8        0x0 linker stubs
 *(.glue_7t)
 .glue_7t       0x080095f8        0x0 linker stubs
 *(.eh_frame)
 .eh_frame      0x080095f8        0x0 c:/program files (x86)/atollic/truestudio for stm32 9.0.1/armtools/bin/../lib/gcc/arm-atollic-eabi/6.3.1/armv7-m/crtbegin.o
 *(.init)
 .init          0x080095f8        0x4 c:/program files (x86)/atollic/truestudio for stm32 9.0.1/armtools/bin/../lib/gcc/arm-atollic-eabi/6.3.1/armv7-m/crti.o
                0x080095f8                _init
 .init          0x080095fc        0x8 c:/program files (x86)/atollic/truestudio for stm32 9.0.1/armtools/bin/../lib/gcc/arm-atollic-eabi/6.3.1/armv7-m/crtn.o
 *(.fini)
 .fini          0x08009604        0x4 c:/program files (x86)/atollic/truestudio for stm32 9.0.1/armtools/bin/../lib/gcc/arm-atollic-eabi/6.3.1/armv7-m/crti.o
                0x08009604                _fini
 .fini          0x08009608        0x8 c:/program files (x86)/atollic/truestudio for stm32 9.0.1/armtools/bin/../lib/gcc/arm-atollic-eabi/6.3.1/armv7-m/crtn.o
                0x08009610                . = ALIGN (0x4)
                0x08009610                _etext = .

.vfp11_veneer   0x08009610        0x0
 .vfp11_veneer  0x08009610        0x0 linker stubs

.v4_bx          0x08009610        0x0
 .v4_bx         0x08009610        0x0 linker stubs

.iplt           0x08009610        0x0
 .iplt          0x08009610        0x0 c:/program files (x86)/atollic/truestudio for stm32 9.0.1/armtools/bin/../lib/gcc/arm-atollic-eabi/6.3.1/armv7-m/crtbegin.o

.rodata         0x08009610     0x7244
                0x08009610                . = ALIGN (0x4)
 *(.rodata)
 .rodata        0x08009610      0x1be src\main.o
 *(.rodata*)
 *fill*         0x080097ce        0x2 
 .rodata.PWM_PIN
                0x080097d0       0x10 src\main.o
                0x080097d0                PWM_PIN
 .rodata.defaultClockTable
                0x080097e0        0x8 src\main.o
                0x080097e0                defaultClockTable
 .rodata.monthDays
                0x080097e8        0xd src\main.o
                0x080097e8                monthDays
 *fill*         0x080097f5        0x3 
 .rodata.Arial_Black33x32
                0x080097f8     0x31e3 src\main.o
                0x080097f8                Arial_Black33x32
 *fill*         0x0800c9db        0x1 
 .rodata.Verdana39x32
                0x0800c9dc     0x3ae3 src\main.o
                0x0800c9dc                Verdana39x32
 *fill*         0x080104bf        0x1 
 .rodata.OW_CRC_TABLE
                0x080104c0      0x100 src\main.o
                0x080104c0                OW_CRC_TABLE
 .rodata.brightScale
                0x080105c0       0x28 src\main.o
                0x080105c0                brightScale
 .rodata._setlocale_r.str1.1
                0x080105e8        0x8 c:/program files (x86)/atollic/truestudio for stm32 9.0.1/armtools/bin/../lib/gcc/arm-atollic-eabi/6.3.1/../../../../arm-atollic-eabi/lib/armv7-m\libc.a(lib_a-locale.o)
                                  0x9 (size before relaxing)
 .rodata.str1.1
                0x080105f0        0x2 c:/program files (x86)/atollic/truestudio for stm32 9.0.1/armtools/bin/../lib/gcc/arm-atollic-eabi/6.3.1/../../../../arm-atollic-eabi/lib/armv7-m\libc.a(lib_a-locale.o)
 .rodata._svfprintf_r.str1.1
                0x080105f2       0x34 c:/program files (x86)/atollic/truestudio for stm32 9.0.1/armtools/bin/../lib/gcc/arm-atollic-eabi/6.3.1/../../../../arm-atollic-eabi/lib/armv7-m\libc.a(lib_a-svfprintf.o)
 .rodata.blanks.7236
                0x08010626       0x10 c:/program files (x86)/atollic/truestudio for stm32 9.0.1/armtools/bin/../lib/gcc/arm-atollic-eabi/6.3.1/../../../../arm-atollic-eabi/lib/armv7-m\libc.a(lib_a-svfprintf.o)
 .rodata.zeroes.7237
                0x08010636       0x10 c:/program files (x86)/atollic/truestudio for stm32 9.0.1/armtools/bin/../lib/gcc/arm-atollic-eabi/6.3.1/../../../../arm-atollic-eabi/lib/armv7-m\libc.a(lib_a-svfprintf.o)
 .rodata._ctype_
                0x08010646      0x101 c:/program files (x86)/atollic/truestudio for stm32 9.0.1/armtools/bin/../lib/gcc/arm-atollic-eabi/6.3.1/../../../../arm-atollic-eabi/lib/armv7-m\libc.a(lib_a-ctype_.o)
                0x08010646                _ctype_
 .rodata._dtoa_r.str1.1
                0x08010747        0xd c:/program files (x86)/atollic/truestudio for stm32 9.0.1/armtools/bin/../lib/gcc/arm-atollic-eabi/6.3.1/../../../../arm-atollic-eabi/lib/armv7-m\libc.a(lib_a-dtoa.o)
                                  0xf (size before relaxing)
 *fill*         0x08010754        0x4 
 .rodata.__mprec_bigtens
                0x08010758       0x28 c:/program files (x86)/atollic/truestudio for stm32 9.0.1/armtools/bin/../lib/gcc/arm-atollic-eabi/6.3.1/../../../../arm-atollic-eabi/lib/armv7-m\libc.a(lib_a-mprec.o)
                0x08010758                __mprec_bigtens
 .rodata.__mprec_tens
                0x08010780       0xc8 c:/program files (x86)/atollic/truestudio for stm32 9.0.1/armtools/bin/../lib/gcc/arm-atollic-eabi/6.3.1/../../../../arm-atollic-eabi/lib/armv7-m\libc.a(lib_a-mprec.o)
                0x08010780                __mprec_tens
 .rodata.p05.6073
                0x08010848        0xc c:/program files (x86)/atollic/truestudio for stm32 9.0.1/armtools/bin/../lib/gcc/arm-atollic-eabi/6.3.1/../../../../arm-atollic-eabi/lib/armv7-m\libc.a(lib_a-mprec.o)
                0x08010854                . = ALIGN (0x4)

.ARM.extab
 *(.ARM.extab* .gnu.linkonce.armextab.*)

.ARM            0x08010854        0x8
                0x08010854                __exidx_start = .
 *(.ARM.exidx*)
 .ARM.exidx     0x08010854        0x8 c:/program files (x86)/atollic/truestudio for stm32 9.0.1/armtools/bin/../lib/gcc/arm-atollic-eabi/6.3.1/armv7-m\libgcc.a(_udivmoddi4.o)
                0x0801085c                __exidx_end = .

.rel.dyn        0x0801085c        0x0
 .rel.iplt      0x0801085c        0x0 c:/program files (x86)/atollic/truestudio for stm32 9.0.1/armtools/bin/../lib/gcc/arm-atollic-eabi/6.3.1/armv7-m/crtbegin.o

.preinit_array  0x0801085c        0x0
                0x0801085c                PROVIDE (__preinit_array_start, .)
 *(.preinit_array*)
                0x0801085c                PROVIDE (__preinit_array_end, .)

.init_array     0x0801085c        0x4
                0x0801085c                PROVIDE (__init_array_start, .)
 *(SORT(.init_array.*))
 *(.init_array*)
 .init_array    0x0801085c        0x4 c:/program files (x86)/atollic/truestudio for stm32 9.0.1/armtools/bin/../lib/gcc/arm-atollic-eabi/6.3.1/armv7-m/crtbegin.o
                0x08010860                PROVIDE (__init_array_end, .)

.fini_array     0x08010860        0x4
                [!provide]                PROVIDE (__fini_array_start, .)
 *(SORT(.fini_array.*))
 *(.fini_array*)
 .fini_array    0x08010860        0x4 c:/program files (x86)/atollic/truestudio for stm32 9.0.1/armtools/bin/../lib/gcc/arm-atollic-eabi/6.3.1/armv7-m/crtbegin.o
                [!provide]                PROVIDE (__fini_array_end, .)
                0x08010864                _sidata = LOADADDR (.data)

.data           0x20000000      0x708 load address 0x08010864
                0x20000000                . = ALIGN (0x4)
                0x20000000                _sdata = .
 *(.data)
 *(.data*)
 .data.APBAHBPrescTable
                0x20000000       0x10 Libraries\STM32F10x_StdPeriph_Driver\src\stm32f10x_rcc.o
 .data.ADCPrescTable
                0x20000010        0x4 Libraries\STM32F10x_StdPeriph_Driver\src\stm32f10x_rcc.o
 .data.precision
                0x20000014        0x1 src\main.o
                0x20000014                precision
 .data.OWDevicesListSize
                0x20000015        0x1 src\main.o
                0x20000015                OWDevicesListSize
 *fill*         0x20000016        0x2 
 .data.effectPtr
                0x20000018       0x14 src\main.o
                0x20000018                effectPtr
 .data.MERIDIAN
                0x2000002c        0x8 src\main.o
                0x2000002c                MERIDIAN
 .data.DAYS     0x20000034       0x1c src\main.o
                0x20000034                DAYS
 .data.MONTHS   0x20000050       0x34 src\main.o
                0x20000050                MONTHS
 .data.MSG      0x20000084       0x10 src\main.o
                0x20000084                MSG
 .data.SystemCoreClock
                0x20000094        0x4 src\system_stm32f10x.o
                0x20000094                SystemCoreClock
 .data.__global_locale
                0x20000098      0x16c c:/program files (x86)/atollic/truestudio for stm32 9.0.1/armtools/bin/../lib/gcc/arm-atollic-eabi/6.3.1/../../../../arm-atollic-eabi/lib/armv7-m\libc.a(lib_a-locale.o)
                0x20000098                __global_locale
 .data._impure_ptr
                0x20000204        0x4 c:/program files (x86)/atollic/truestudio for stm32 9.0.1/armtools/bin/../lib/gcc/arm-atollic-eabi/6.3.1/../../../../arm-atollic-eabi/lib/armv7-m\libc.a(lib_a-impure.o)
                0x20000204                _impure_ptr
 .data.impure_data
                0x20000208       0xf0 c:/program files (x86)/atollic/truestudio for stm32 9.0.1/armtools/bin/../lib/gcc/arm-atollic-eabi/6.3.1/../../../../arm-atollic-eabi/lib/armv7-m\libc.a(lib_a-impure.o)
 .data.__malloc_av_
                0x200002f8      0x408 c:/program files (x86)/atollic/truestudio for stm32 9.0.1/armtools/bin/../lib/gcc/arm-atollic-eabi/6.3.1/../../../../arm-atollic-eabi/lib/armv7-m\libc.a(lib_a-mallocr.o)
                0x200002f8                __malloc_av_
 .data.__malloc_sbrk_base
                0x20000700        0x4 c:/program files (x86)/atollic/truestudio for stm32 9.0.1/armtools/bin/../lib/gcc/arm-atollic-eabi/6.3.1/../../../../arm-atollic-eabi/lib/armv7-m\libc.a(lib_a-mallocr.o)
                0x20000700                __malloc_sbrk_base
 .data.__malloc_trim_threshold
                0x20000704        0x4 c:/program files (x86)/atollic/truestudio for stm32 9.0.1/armtools/bin/../lib/gcc/arm-atollic-eabi/6.3.1/../../../../arm-atollic-eabi/lib/armv7-m\libc.a(lib_a-mallocr.o)
                0x20000704                __malloc_trim_threshold
                0x20000708                . = ALIGN (0x4)
                0x20000708                _edata = .

.igot.plt       0x20000708        0x0 load address 0x08010f6c
 .igot.plt      0x20000708        0x0 c:/program files (x86)/atollic/truestudio for stm32 9.0.1/armtools/bin/../lib/gcc/arm-atollic-eabi/6.3.1/armv7-m/crtbegin.o
                0x20000708                . = ALIGN (0x4)

.bss            0x20000708     0x1cdc load address 0x08010f6c
                0x20000708                _sbss = .
                0x20000708                __bss_start__ = _sbss
 *(.bss)
 .bss           0x20000708       0x1c c:/program files (x86)/atollic/truestudio for stm32 9.0.1/armtools/bin/../lib/gcc/arm-atollic-eabi/6.3.1/armv7-m/crtbegin.o
 *(.bss*)
 .bss.msTick    0x20000724        0x1 src\main.o
                0x20000724                msTick
 .bss.timeDisplay
                0x20000725        0x1 src\main.o
                0x20000725                timeDisplay
 *fill*         0x20000726        0x2 
 .bss.OWDevices
                0x20000728       0x50 src\main.o
 .bss.OWDeviceCount
                0x20000778        0x1 src\main.o
 .bss.state     0x20000779        0x1 src\main.o
 .bss.lastMismatch
                0x2000077a        0x1 src\main.o
 .bss.lastDeviceFlag
                0x2000077b        0x1 src\main.o
 .bss.crc8      0x2000077c        0x1 src\main.o
 *fill*         0x2000077d        0x3 
 .bss.ROM_NO    0x20000780        0x8 src\main.o
 .bss.lastMsgRead.9801
                0x20000788        0x1 src\main.o
 .bss.refreshCnt.9999
                0x20000789        0x1 src\main.o
 *fill*         0x2000078a        0x2 
 .bss.__malloc_current_mallinfo
                0x2000078c       0x28 c:/program files (x86)/atollic/truestudio for stm32 9.0.1/armtools/bin/../lib/gcc/arm-atollic-eabi/6.3.1/../../../../arm-atollic-eabi/lib/armv7-m\libc.a(lib_a-mallocr.o)
                0x2000078c                __malloc_current_mallinfo
 .bss.__malloc_max_sbrked_mem
                0x200007b4        0x4 c:/program files (x86)/atollic/truestudio for stm32 9.0.1/armtools/bin/../lib/gcc/arm-atollic-eabi/6.3.1/../../../../arm-atollic-eabi/lib/armv7-m\libc.a(lib_a-mallocr.o)
                0x200007b4                __malloc_max_sbrked_mem
 .bss.__malloc_max_total_mem
                0x200007b8        0x4 c:/program files (x86)/atollic/truestudio for stm32 9.0.1/armtools/bin/../lib/gcc/arm-atollic-eabi/6.3.1/../../../../arm-atollic-eabi/lib/armv7-m\libc.a(lib_a-mallocr.o)
                0x200007b8                __malloc_max_total_mem
 .bss.__malloc_top_pad
                0x200007bc        0x4 c:/program files (x86)/atollic/truestudio for stm32 9.0.1/armtools/bin/../lib/gcc/arm-atollic-eabi/6.3.1/../../../../arm-atollic-eabi/lib/armv7-m\libc.a(lib_a-mallocr.o)
                0x200007bc                __malloc_top_pad
 .bss.heap_end.4116
                0x200007c0        0x4 c:/program files (x86)/atollic/truestudio for stm32 9.0.1/armtools/bin/../lib/gcc/arm-atollic-eabi/6.3.1/../../../../arm-atollic-eabi/lib/armv7-m\libnosys.a(sbrk.o)
 *(COMMON)
 COMMON         0x200007c4     0x1c10 src\main.o
                0x200007c4                OWListOfDevices
                0x200007c8                OneWireCount
                0x200007cc                sys
                0x20000d94                user
                0x200011cc                flash
                0x200011d8                uart
                0x20001a14                DMD
 COMMON         0x200023d4        0x9 c:/program files (x86)/atollic/truestudio for stm32 9.0.1/armtools/bin/../lib/gcc/arm-atollic-eabi/6.3.1/../../../../arm-atollic-eabi/lib/armv7-m\libc.a(lib_a-lock.o)
                0x200023d4                __lock___atexit_recursive_mutex
                0x200023d5                __lock___arc4random_mutex
                0x200023d6                __lock___env_recursive_mutex
                0x200023d7                __lock___sinit_recursive_mutex
                0x200023d8                __lock___malloc_recursive_mutex
                0x200023d9                __lock___at_quick_exit_mutex
                0x200023da                __lock___dd_hash_mutex
                0x200023db                __lock___tz_mutex
                0x200023dc                __lock___sfp_recursive_mutex
 *fill*         0x200023dd        0x3 
 COMMON         0x200023e0        0x4 c:/program files (x86)/atollic/truestudio for stm32 9.0.1/armtools/bin/../lib/gcc/arm-atollic-eabi/6.3.1/../../../../arm-atollic-eabi/lib/armv7-m\libc.a(lib_a-reent.o)
                0x200023e0                errno
                0x200023e4                . = ALIGN (0x4)
                0x200023e4                _ebss = .
                0x200023e4                __bss_end__ = _ebss

._user_heap_stack
                0x200023e4      0x100 load address 0x08010f6c
                0x200023e4                . = ALIGN (0x4)
                0x200023e4                PROVIDE (end, .)
                [!provide]                PROVIDE (_end, .)
                0x200023e4                . = (. + _Min_Heap_Size)
                0x200024e4                . = (. + _Min_Stack_Size)
 *fill*         0x200023e4      0x100 
                0x200024e4                . = ALIGN (0x4)

.memory_b1_text
 *(.mb1text)
 *(.mb1text*)
 *(.mb1rodata)
 *(.mb1rodata*)

/DISCARD/
 libc.a(*)
 libm.a(*)
 libgcc.a(*)

.ARM.attributes
                0x00000000       0x29
 *(.ARM.attributes)
 .ARM.attributes
                0x00000000       0x1d c:/program files (x86)/atollic/truestudio for stm32 9.0.1/armtools/bin/../lib/gcc/arm-atollic-eabi/6.3.1/armv7-m/crti.o
 .ARM.attributes
                0x0000001d       0x2d c:/program files (x86)/atollic/truestudio for stm32 9.0.1/armtools/bin/../lib/gcc/arm-atollic-eabi/6.3.1/armv7-m/crtbegin.o
 .ARM.attributes
                0x0000004a       0x33 Libraries\STM32F10x_StdPeriph_Driver\src\misc.o
 .ARM.attributes
                0x0000007d       0x33 Libraries\STM32F10x_StdPeriph_Driver\src\stm32f10x_adc.o
 .ARM.attributes
                0x000000b0       0x33 Libraries\STM32F10x_StdPeriph_Driver\src\stm32f10x_bkp.o
 .ARM.attributes
                0x000000e3       0x33 Libraries\STM32F10x_StdPeriph_Driver\src\stm32f10x_flash.o
 .ARM.attributes
                0x00000116       0x33 Libraries\STM32F10x_StdPeriph_Driver\src\stm32f10x_gpio.o
 .ARM.attributes
                0x00000149       0x33 Libraries\STM32F10x_StdPeriph_Driver\src\stm32f10x_pwr.o
 .ARM.attributes
                0x0000017c       0x33 Libraries\STM32F10x_StdPeriph_Driver\src\stm32f10x_rcc.o
 .ARM.attributes
                0x000001af       0x33 Libraries\STM32F10x_StdPeriph_Driver\src\stm32f10x_rtc.o
 .ARM.attributes
                0x000001e2       0x33 Libraries\STM32F10x_StdPeriph_Driver\src\stm32f10x_tim.o
 .ARM.attributes
                0x00000215       0x33 Libraries\STM32F10x_StdPeriph_Driver\src\stm32f10x_usart.o
 .ARM.attributes
                0x00000248       0x33 src\main.o
 .ARM.attributes
                0x0000027b       0x21 src\startup_stm32f10x_md.o
 .ARM.attributes
                0x0000029c       0x33 src\stm32f1xx_it.o
 .ARM.attributes
                0x000002cf       0x33 src\system_stm32f10x.o
 .ARM.attributes
                0x00000302       0x2d c:/program files (x86)/atollic/truestudio for stm32 9.0.1/armtools/bin/../lib/gcc/arm-atollic-eabi/6.3.1/../../../../arm-atollic-eabi/lib/armv7-m\libc.a(lib_a-init.o)
 .ARM.attributes
                0x0000032f       0x2d c:/program files (x86)/atollic/truestudio for stm32 9.0.1/armtools/bin/../lib/gcc/arm-atollic-eabi/6.3.1/../../../../arm-atollic-eabi/lib/armv7-m\libc.a(lib_a-locale.o)
 .ARM.attributes
                0x0000035c       0x2d c:/program files (x86)/atollic/truestudio for stm32 9.0.1/armtools/bin/../lib/gcc/arm-atollic-eabi/6.3.1/../../../../arm-atollic-eabi/lib/armv7-m\libc.a(lib_a-mbtowc_r.o)
 .ARM.attributes
                0x00000389       0x2d c:/program files (x86)/atollic/truestudio for stm32 9.0.1/armtools/bin/../lib/gcc/arm-atollic-eabi/6.3.1/../../../../arm-atollic-eabi/lib/armv7-m\libc.a(lib_a-memcpy-stub.o)
 .ARM.attributes
                0x000003b6       0x2d c:/program files (x86)/atollic/truestudio for stm32 9.0.1/armtools/bin/../lib/gcc/arm-atollic-eabi/6.3.1/../../../../arm-atollic-eabi/lib/armv7-m\libc.a(lib_a-memset.o)
 .ARM.attributes
                0x000003e3       0x2d c:/program files (x86)/atollic/truestudio for stm32 9.0.1/armtools/bin/../lib/gcc/arm-atollic-eabi/6.3.1/../../../../arm-atollic-eabi/lib/armv7-m\libc.a(lib_a-sprintf.o)
 .ARM.attributes
                0x00000410       0x2d c:/program files (x86)/atollic/truestudio for stm32 9.0.1/armtools/bin/../lib/gcc/arm-atollic-eabi/6.3.1/../../../../arm-atollic-eabi/lib/armv7-m\libc.a(lib_a-strcat.o)
 .ARM.attributes
                0x0000043d       0x2d c:/program files (x86)/atollic/truestudio for stm32 9.0.1/armtools/bin/../lib/gcc/arm-atollic-eabi/6.3.1/../../../../arm-atollic-eabi/lib/armv7-m\libc.a(lib_a-strchr.o)
 .ARM.attributes
                0x0000046a       0x2d c:/program files (x86)/atollic/truestudio for stm32 9.0.1/armtools/bin/../lib/gcc/arm-atollic-eabi/6.3.1/../../../../arm-atollic-eabi/lib/armv7-m\libc.a(lib_a-strcpy.o)
 .ARM.attributes
                0x00000497       0x17 c:/program files (x86)/atollic/truestudio for stm32 9.0.1/armtools/bin/../lib/gcc/arm-atollic-eabi/6.3.1/../../../../arm-atollic-eabi/lib/armv7-m\libc.a(lib_a-strlen.o)
 .ARM.attributes
                0x000004ae       0x2d c:/program files (x86)/atollic/truestudio for stm32 9.0.1/armtools/bin/../lib/gcc/arm-atollic-eabi/6.3.1/../../../../arm-atollic-eabi/lib/armv7-m\libc.a(lib_a-strrchr.o)
 .ARM.attributes
                0x000004db       0x2d c:/program files (x86)/atollic/truestudio for stm32 9.0.1/armtools/bin/../lib/gcc/arm-atollic-eabi/6.3.1/../../../../arm-atollic-eabi/lib/armv7-m\libc.a(lib_a-svfprintf.o)
 .ARM.attributes
                0x00000508       0x2d c:/program files (x86)/atollic/truestudio for stm32 9.0.1/armtools/bin/../lib/gcc/arm-atollic-eabi/6.3.1/../../../../arm-atollic-eabi/lib/armv7-m\libc.a(lib_a-wctomb_r.o)
 .ARM.attributes
                0x00000535       0x2d c:/program files (x86)/atollic/truestudio for stm32 9.0.1/armtools/bin/../lib/gcc/arm-atollic-eabi/6.3.1/../../../../arm-atollic-eabi/lib/armv7-m\libc.a(lib_a-ctype_.o)
 .ARM.attributes
                0x00000562       0x2d c:/program files (x86)/atollic/truestudio for stm32 9.0.1/armtools/bin/../lib/gcc/arm-atollic-eabi/6.3.1/../../../../arm-atollic-eabi/lib/armv7-m\libc.a(lib_a-dtoa.o)
 .ARM.attributes
                0x0000058f       0x2d c:/program files (x86)/atollic/truestudio for stm32 9.0.1/armtools/bin/../lib/gcc/arm-atollic-eabi/6.3.1/../../../../arm-atollic-eabi/lib/armv7-m\libc.a(lib_a-impure.o)
 .ARM.attributes
                0x000005bc       0x2d c:/program files (x86)/atollic/truestudio for stm32 9.0.1/armtools/bin/../lib/gcc/arm-atollic-eabi/6.3.1/../../../../arm-atollic-eabi/lib/armv7-m\libc.a(lib_a-localeconv.o)
 .ARM.attributes
                0x000005e9       0x2d c:/program files (x86)/atollic/truestudio for stm32 9.0.1/armtools/bin/../lib/gcc/arm-atollic-eabi/6.3.1/../../../../arm-atollic-eabi/lib/armv7-m\libc.a(lib_a-malloc.o)
 .ARM.attributes
                0x00000616       0x2d c:/program files (x86)/atollic/truestudio for stm32 9.0.1/armtools/bin/../lib/gcc/arm-atollic-eabi/6.3.1/../../../../arm-atollic-eabi/lib/armv7-m\libc.a(lib_a-mallocr.o)
 .ARM.attributes
                0x00000643       0x2d c:/program files (x86)/atollic/truestudio for stm32 9.0.1/armtools/bin/../lib/gcc/arm-atollic-eabi/6.3.1/../../../../arm-atollic-eabi/lib/armv7-m\libc.a(lib_a-memchr-stub.o)
 .ARM.attributes
                0x00000670       0x2d c:/program files (x86)/atollic/truestudio for stm32 9.0.1/armtools/bin/../lib/gcc/arm-atollic-eabi/6.3.1/../../../../arm-atollic-eabi/lib/armv7-m\libc.a(lib_a-mlock.o)
 .ARM.attributes
                0x0000069d       0x2d c:/program files (x86)/atollic/truestudio for stm32 9.0.1/armtools/bin/../lib/gcc/arm-atollic-eabi/6.3.1/../../../../arm-atollic-eabi/lib/armv7-m\libc.a(lib_a-mprec.o)
 .ARM.attributes
                0x000006ca       0x2d c:/program files (x86)/atollic/truestudio for stm32 9.0.1/armtools/bin/../lib/gcc/arm-atollic-eabi/6.3.1/../../../../arm-atollic-eabi/lib/armv7-m\libc.a(lib_a-sbrkr.o)
 .ARM.attributes
                0x000006f7       0x2d c:/program files (x86)/atollic/truestudio for stm32 9.0.1/armtools/bin/../lib/gcc/arm-atollic-eabi/6.3.1/../../../../arm-atollic-eabi/lib/armv7-m\libc.a(lib_a-svfiprintf.o)
 .ARM.attributes
                0x00000724       0x2d c:/program files (x86)/atollic/truestudio for stm32 9.0.1/armtools/bin/../lib/gcc/arm-atollic-eabi/6.3.1/../../../../arm-atollic-eabi/lib/armv7-m\libc.a(lib_a-callocr.o)
 .ARM.attributes
                0x00000751       0x2d c:/program files (x86)/atollic/truestudio for stm32 9.0.1/armtools/bin/../lib/gcc/arm-atollic-eabi/6.3.1/../../../../arm-atollic-eabi/lib/armv7-m\libc.a(lib_a-freer.o)
 .ARM.attributes
                0x0000077e       0x2d c:/program files (x86)/atollic/truestudio for stm32 9.0.1/armtools/bin/../lib/gcc/arm-atollic-eabi/6.3.1/../../../../arm-atollic-eabi/lib/armv7-m\libc.a(lib_a-lock.o)
 .ARM.attributes
                0x000007ab       0x2d c:/program files (x86)/atollic/truestudio for stm32 9.0.1/armtools/bin/../lib/gcc/arm-atollic-eabi/6.3.1/../../../../arm-atollic-eabi/lib/armv7-m\libc.a(lib_a-memmove.o)
 .ARM.attributes
                0x000007d8       0x2d c:/program files (x86)/atollic/truestudio for stm32 9.0.1/armtools/bin/../lib/gcc/arm-atollic-eabi/6.3.1/../../../../arm-atollic-eabi/lib/armv7-m\libc.a(lib_a-reallocr.o)
 .ARM.attributes
                0x00000805       0x2d c:/program files (x86)/atollic/truestudio for stm32 9.0.1/armtools/bin/../lib/gcc/arm-atollic-eabi/6.3.1/../../../../arm-atollic-eabi/lib/armv7-m\libc.a(lib_a-reent.o)
 .ARM.attributes
                0x00000832       0x1d c:/program files (x86)/atollic/truestudio for stm32 9.0.1/armtools/bin/../lib/gcc/arm-atollic-eabi/6.3.1/armv7-m\libgcc.a(_arm_addsubdf3.o)
 .ARM.attributes
                0x0000084f       0x1d c:/program files (x86)/atollic/truestudio for stm32 9.0.1/armtools/bin/../lib/gcc/arm-atollic-eabi/6.3.1/armv7-m\libgcc.a(_arm_muldivdf3.o)
 .ARM.attributes
                0x0000086c       0x1d c:/program files (x86)/atollic/truestudio for stm32 9.0.1/armtools/bin/../lib/gcc/arm-atollic-eabi/6.3.1/armv7-m\libgcc.a(_arm_cmpdf2.o)
 .ARM.attributes
                0x00000889       0x1d c:/program files (x86)/atollic/truestudio for stm32 9.0.1/armtools/bin/../lib/gcc/arm-atollic-eabi/6.3.1/armv7-m\libgcc.a(_arm_unorddf2.o)
 .ARM.attributes
                0x000008a6       0x1d c:/program files (x86)/atollic/truestudio for stm32 9.0.1/armtools/bin/../lib/gcc/arm-atollic-eabi/6.3.1/armv7-m\libgcc.a(_arm_fixdfsi.o)
 .ARM.attributes
                0x000008c3       0x1d c:/program files (x86)/atollic/truestudio for stm32 9.0.1/armtools/bin/../lib/gcc/arm-atollic-eabi/6.3.1/armv7-m\libgcc.a(_arm_truncdfsf2.o)
 .ARM.attributes
                0x000008e0       0x1d c:/program files (x86)/atollic/truestudio for stm32 9.0.1/armtools/bin/../lib/gcc/arm-atollic-eabi/6.3.1/armv7-m\libgcc.a(_arm_addsubsf3.o)
 .ARM.attributes
                0x000008fd       0x1d c:/program files (x86)/atollic/truestudio for stm32 9.0.1/armtools/bin/../lib/gcc/arm-atollic-eabi/6.3.1/armv7-m\libgcc.a(_arm_muldivsf3.o)
 .ARM.attributes
                0x0000091a       0x1d c:/program files (x86)/atollic/truestudio for stm32 9.0.1/armtools/bin/../lib/gcc/arm-atollic-eabi/6.3.1/armv7-m\libgcc.a(_arm_fixunssfsi.o)
 .ARM.attributes
                0x00000937       0x1d c:/program files (x86)/atollic/truestudio for stm32 9.0.1/armtools/bin/../lib/gcc/arm-atollic-eabi/6.3.1/armv7-m\libgcc.a(_aeabi_uldivmod.o)
 .ARM.attributes
                0x00000954       0x2d c:/program files (x86)/atollic/truestudio for stm32 9.0.1/armtools/bin/../lib/gcc/arm-atollic-eabi/6.3.1/armv7-m\libgcc.a(_udivmoddi4.o)
 .ARM.attributes
                0x00000981       0x1d c:/program files (x86)/atollic/truestudio for stm32 9.0.1/armtools/bin/../lib/gcc/arm-atollic-eabi/6.3.1/armv7-m\libgcc.a(_dvmd_tls.o)
 .ARM.attributes
                0x0000099e       0x2d c:/program files (x86)/atollic/truestudio for stm32 9.0.1/armtools/bin/../lib/gcc/arm-atollic-eabi/6.3.1/../../../../arm-atollic-eabi/lib/armv7-m\libnosys.a(sbrk.o)
 .ARM.attributes
                0x000009cb       0x1d c:/program files (x86)/atollic/truestudio for stm32 9.0.1/armtools/bin/../lib/gcc/arm-atollic-eabi/6.3.1/armv7-m/crtn.o
OUTPUT(DoubleRowP10MapleMini.elf elf32-littlearm)

.comment        0x00000000       0x7c
 .comment       0x00000000       0x7c Libraries\STM32F10x_StdPeriph_Driver\src\misc.o
                                 0x7d (size before relaxing)
 .comment       0x0000007c       0x7d Libraries\STM32F10x_StdPeriph_Driver\src\stm32f10x_adc.o
 .comment       0x0000007c       0x7d Libraries\STM32F10x_StdPeriph_Driver\src\stm32f10x_bkp.o
 .comment       0x0000007c       0x7d Libraries\STM32F10x_StdPeriph_Driver\src\stm32f10x_flash.o
 .comment       0x0000007c       0x7d Libraries\STM32F10x_StdPeriph_Driver\src\stm32f10x_gpio.o
 .comment       0x0000007c       0x7d Libraries\STM32F10x_StdPeriph_Driver\src\stm32f10x_pwr.o
 .comment       0x0000007c       0x7d Libraries\STM32F10x_StdPeriph_Driver\src\stm32f10x_rcc.o
 .comment       0x0000007c       0x7d Libraries\STM32F10x_StdPeriph_Driver\src\stm32f10x_rtc.o
 .comment       0x0000007c       0x7d Libraries\STM32F10x_StdPeriph_Driver\src\stm32f10x_tim.o
 .comment       0x0000007c       0x7d Libraries\STM32F10x_StdPeriph_Driver\src\stm32f10x_usart.o
 .comment       0x0000007c       0x7d src\main.o
 .comment       0x0000007c       0x7d src\stm32f1xx_it.o
 .comment       0x0000007c       0x7d src\system_stm32f10x.o

.debug_frame    0x00000000      0xc58
 .debug_frame   0x00000000       0x2c c:/program files (x86)/atollic/truestudio for stm32 9.0.1/armtools/bin/../lib/gcc/arm-atollic-eabi/6.3.1/../../../../arm-atollic-eabi/lib/armv7-m\libc.a(lib_a-init.o)
 .debug_frame   0x0000002c       0x68 c:/program files (x86)/atollic/truestudio for stm32 9.0.1/armtools/bin/../lib/gcc/arm-atollic-eabi/6.3.1/../../../../arm-atollic-eabi/lib/armv7-m\libc.a(lib_a-locale.o)
 .debug_frame   0x00000094       0x48 c:/program files (x86)/atollic/truestudio for stm32 9.0.1/armtools/bin/../lib/gcc/arm-atollic-eabi/6.3.1/../../../../arm-atollic-eabi/lib/armv7-m\libc.a(lib_a-mbtowc_r.o)
 .debug_frame   0x000000dc       0x28 c:/program files (x86)/atollic/truestudio for stm32 9.0.1/armtools/bin/../lib/gcc/arm-atollic-eabi/6.3.1/../../../../arm-atollic-eabi/lib/armv7-m\libc.a(lib_a-memcpy-stub.o)
 .debug_frame   0x00000104       0x20 c:/program files (x86)/atollic/truestudio for stm32 9.0.1/armtools/bin/../lib/gcc/arm-atollic-eabi/6.3.1/../../../../arm-atollic-eabi/lib/armv7-m\libc.a(lib_a-memset.o)
 .debug_frame   0x00000124       0x70 c:/program files (x86)/atollic/truestudio for stm32 9.0.1/armtools/bin/../lib/gcc/arm-atollic-eabi/6.3.1/../../../../arm-atollic-eabi/lib/armv7-m\libc.a(lib_a-sprintf.o)
 .debug_frame   0x00000194       0x28 c:/program files (x86)/atollic/truestudio for stm32 9.0.1/armtools/bin/../lib/gcc/arm-atollic-eabi/6.3.1/../../../../arm-atollic-eabi/lib/armv7-m\libc.a(lib_a-strcat.o)
 .debug_frame   0x000001bc       0x20 c:/program files (x86)/atollic/truestudio for stm32 9.0.1/armtools/bin/../lib/gcc/arm-atollic-eabi/6.3.1/../../../../arm-atollic-eabi/lib/armv7-m\libc.a(lib_a-strchr.o)
 .debug_frame   0x000001dc       0x20 c:/program files (x86)/atollic/truestudio for stm32 9.0.1/armtools/bin/../lib/gcc/arm-atollic-eabi/6.3.1/../../../../arm-atollic-eabi/lib/armv7-m\libc.a(lib_a-strcpy.o)
 .debug_frame   0x000001fc       0x34 c:/program files (x86)/atollic/truestudio for stm32 9.0.1/armtools/bin/../lib/gcc/arm-atollic-eabi/6.3.1/../../../../arm-atollic-eabi/lib/armv7-m\libc.a(lib_a-strrchr.o)
 .debug_frame   0x00000230       0x40 c:/program files (x86)/atollic/truestudio for stm32 9.0.1/armtools/bin/../lib/gcc/arm-atollic-eabi/6.3.1/../../../../arm-atollic-eabi/lib/armv7-m\libc.a(lib_a-svfprintf.o)
 .debug_frame   0x00000270       0x3c c:/program files (x86)/atollic/truestudio for stm32 9.0.1/armtools/bin/../lib/gcc/arm-atollic-eabi/6.3.1/../../../../arm-atollic-eabi/lib/armv7-m\libc.a(lib_a-wctomb_r.o)
 .debug_frame   0x000002ac       0x6c c:/program files (x86)/atollic/truestudio for stm32 9.0.1/armtools/bin/../lib/gcc/arm-atollic-eabi/6.3.1/../../../../arm-atollic-eabi/lib/armv7-m\libc.a(lib_a-dtoa.o)
 .debug_frame   0x00000318       0x40 c:/program files (x86)/atollic/truestudio for stm32 9.0.1/armtools/bin/../lib/gcc/arm-atollic-eabi/6.3.1/../../../../arm-atollic-eabi/lib/armv7-m\libc.a(lib_a-localeconv.o)
 .debug_frame   0x00000358       0x30 c:/program files (x86)/atollic/truestudio for stm32 9.0.1/armtools/bin/../lib/gcc/arm-atollic-eabi/6.3.1/../../../../arm-atollic-eabi/lib/armv7-m\libc.a(lib_a-malloc.o)
 .debug_frame   0x00000388       0x40 c:/program files (x86)/atollic/truestudio for stm32 9.0.1/armtools/bin/../lib/gcc/arm-atollic-eabi/6.3.1/../../../../arm-atollic-eabi/lib/armv7-m\libc.a(lib_a-mallocr.o)
 .debug_frame   0x000003c8       0x28 c:/program files (x86)/atollic/truestudio for stm32 9.0.1/armtools/bin/../lib/gcc/arm-atollic-eabi/6.3.1/../../../../arm-atollic-eabi/lib/armv7-m\libc.a(lib_a-memchr-stub.o)
 .debug_frame   0x000003f0       0x30 c:/program files (x86)/atollic/truestudio for stm32 9.0.1/armtools/bin/../lib/gcc/arm-atollic-eabi/6.3.1/../../../../arm-atollic-eabi/lib/armv7-m\libc.a(lib_a-mlock.o)
 .debug_frame   0x00000420      0x244 c:/program files (x86)/atollic/truestudio for stm32 9.0.1/armtools/bin/../lib/gcc/arm-atollic-eabi/6.3.1/../../../../arm-atollic-eabi/lib/armv7-m\libc.a(lib_a-mprec.o)
 .debug_frame   0x00000664       0x2c c:/program files (x86)/atollic/truestudio for stm32 9.0.1/armtools/bin/../lib/gcc/arm-atollic-eabi/6.3.1/../../../../arm-atollic-eabi/lib/armv7-m\libc.a(lib_a-sbrkr.o)
 .debug_frame   0x00000690       0x6c c:/program files (x86)/atollic/truestudio for stm32 9.0.1/armtools/bin/../lib/gcc/arm-atollic-eabi/6.3.1/../../../../arm-atollic-eabi/lib/armv7-m\libc.a(lib_a-svfiprintf.o)
 .debug_frame   0x000006fc       0x28 c:/program files (x86)/atollic/truestudio for stm32 9.0.1/armtools/bin/../lib/gcc/arm-atollic-eabi/6.3.1/../../../../arm-atollic-eabi/lib/armv7-m\libc.a(lib_a-callocr.o)
 .debug_frame   0x00000724       0x60 c:/program files (x86)/atollic/truestudio for stm32 9.0.1/armtools/bin/../lib/gcc/arm-atollic-eabi/6.3.1/../../../../arm-atollic-eabi/lib/armv7-m\libc.a(lib_a-freer.o)
 .debug_frame   0x00000784       0xb0 c:/program files (x86)/atollic/truestudio for stm32 9.0.1/armtools/bin/../lib/gcc/arm-atollic-eabi/6.3.1/../../../../arm-atollic-eabi/lib/armv7-m\libc.a(lib_a-lock.o)
 .debug_frame   0x00000834       0x28 c:/program files (x86)/atollic/truestudio for stm32 9.0.1/armtools/bin/../lib/gcc/arm-atollic-eabi/6.3.1/../../../../arm-atollic-eabi/lib/armv7-m\libc.a(lib_a-memmove.o)
 .debug_frame   0x0000085c       0x50 c:/program files (x86)/atollic/truestudio for stm32 9.0.1/armtools/bin/../lib/gcc/arm-atollic-eabi/6.3.1/../../../../arm-atollic-eabi/lib/armv7-m\libc.a(lib_a-reallocr.o)
 .debug_frame   0x000008ac       0x5c c:/program files (x86)/atollic/truestudio for stm32 9.0.1/armtools/bin/../lib/gcc/arm-atollic-eabi/6.3.1/../../../../arm-atollic-eabi/lib/armv7-m\libc.a(lib_a-reent.o)
 .debug_frame   0x00000908       0xac c:/program files (x86)/atollic/truestudio for stm32 9.0.1/armtools/bin/../lib/gcc/arm-atollic-eabi/6.3.1/armv7-m\libgcc.a(_arm_addsubdf3.o)
 .debug_frame   0x000009b4       0x50 c:/program files (x86)/atollic/truestudio for stm32 9.0.1/armtools/bin/../lib/gcc/arm-atollic-eabi/6.3.1/armv7-m\libgcc.a(_arm_muldivdf3.o)
 .debug_frame   0x00000a04       0xc4 c:/program files (x86)/atollic/truestudio for stm32 9.0.1/armtools/bin/../lib/gcc/arm-atollic-eabi/6.3.1/armv7-m\libgcc.a(_arm_cmpdf2.o)
 .debug_frame   0x00000ac8       0x20 c:/program files (x86)/atollic/truestudio for stm32 9.0.1/armtools/bin/../lib/gcc/arm-atollic-eabi/6.3.1/armv7-m\libgcc.a(_arm_unorddf2.o)
 .debug_frame   0x00000ae8       0x24 c:/program files (x86)/atollic/truestudio for stm32 9.0.1/armtools/bin/../lib/gcc/arm-atollic-eabi/6.3.1/armv7-m\libgcc.a(_arm_fixdfsi.o)
 .debug_frame   0x00000b0c       0x24 c:/program files (x86)/atollic/truestudio for stm32 9.0.1/armtools/bin/../lib/gcc/arm-atollic-eabi/6.3.1/armv7-m\libgcc.a(_arm_truncdfsf2.o)
 .debug_frame   0x00000b30       0x4c c:/program files (x86)/atollic/truestudio for stm32 9.0.1/armtools/bin/../lib/gcc/arm-atollic-eabi/6.3.1/armv7-m\libgcc.a(_arm_addsubsf3.o)
 .debug_frame   0x00000b7c       0x38 c:/program files (x86)/atollic/truestudio for stm32 9.0.1/armtools/bin/../lib/gcc/arm-atollic-eabi/6.3.1/armv7-m\libgcc.a(_arm_muldivsf3.o)
 .debug_frame   0x00000bb4       0x24 c:/program files (x86)/atollic/truestudio for stm32 9.0.1/armtools/bin/../lib/gcc/arm-atollic-eabi/6.3.1/armv7-m\libgcc.a(_arm_fixunssfsi.o)
 .debug_frame   0x00000bd8       0x2c c:/program files (x86)/atollic/truestudio for stm32 9.0.1/armtools/bin/../lib/gcc/arm-atollic-eabi/6.3.1/armv7-m\libgcc.a(_aeabi_uldivmod.o)
 .debug_frame   0x00000c04       0x34 c:/program files (x86)/atollic/truestudio for stm32 9.0.1/armtools/bin/../lib/gcc/arm-atollic-eabi/6.3.1/armv7-m\libgcc.a(_udivmoddi4.o)
 .debug_frame   0x00000c38       0x20 c:/program files (x86)/atollic/truestudio for stm32 9.0.1/armtools/bin/../lib/gcc/arm-atollic-eabi/6.3.1/../../../../arm-atollic-eabi/lib/armv7-m\libnosys.a(sbrk.o)

Cross Reference Table

Symbol                                            File
ADC1_2_IRQHandler                                 src\main.o
ADCIOConfigure                                    src\main.o
ADCRegConfigure                                   src\main.o
ADC_AnalogWatchdogCmd                             Libraries\STM32F10x_StdPeriph_Driver\src\stm32f10x_adc.o
ADC_AnalogWatchdogSingleChannelConfig             Libraries\STM32F10x_StdPeriph_Driver\src\stm32f10x_adc.o
ADC_AnalogWatchdogThresholdsConfig                Libraries\STM32F10x_StdPeriph_Driver\src\stm32f10x_adc.o
ADC_AutoInjectedConvCmd                           Libraries\STM32F10x_StdPeriph_Driver\src\stm32f10x_adc.o
ADC_ClearFlag                                     Libraries\STM32F10x_StdPeriph_Driver\src\stm32f10x_adc.o
                                                  src\main.o
ADC_ClearITPendingBit                             Libraries\STM32F10x_StdPeriph_Driver\src\stm32f10x_adc.o
                                                  src\main.o
ADC_Cmd                                           Libraries\STM32F10x_StdPeriph_Driver\src\stm32f10x_adc.o
                                                  src\main.o
ADC_DMACmd                                        Libraries\STM32F10x_StdPeriph_Driver\src\stm32f10x_adc.o
ADC_DeInit                                        Libraries\STM32F10x_StdPeriph_Driver\src\stm32f10x_adc.o
                                                  src\main.o
ADC_DiscModeChannelCountConfig                    Libraries\STM32F10x_StdPeriph_Driver\src\stm32f10x_adc.o
ADC_DiscModeCmd                                   Libraries\STM32F10x_StdPeriph_Driver\src\stm32f10x_adc.o
ADC_ExternalTrigConvCmd                           Libraries\STM32F10x_StdPeriph_Driver\src\stm32f10x_adc.o
ADC_ExternalTrigInjectedConvCmd                   Libraries\STM32F10x_StdPeriph_Driver\src\stm32f10x_adc.o
ADC_ExternalTrigInjectedConvConfig                Libraries\STM32F10x_StdPeriph_Driver\src\stm32f10x_adc.o
ADC_GetCalibrationStatus                          Libraries\STM32F10x_StdPeriph_Driver\src\stm32f10x_adc.o
                                                  src\main.o
ADC_GetConversionValue                            Libraries\STM32F10x_StdPeriph_Driver\src\stm32f10x_adc.o
                                                  src\main.o
ADC_GetDualModeConversionValue                    Libraries\STM32F10x_StdPeriph_Driver\src\stm32f10x_adc.o
ADC_GetFlagStatus                                 Libraries\STM32F10x_StdPeriph_Driver\src\stm32f10x_adc.o
                                                  src\main.o
ADC_GetITStatus                                   Libraries\STM32F10x_StdPeriph_Driver\src\stm32f10x_adc.o
ADC_GetInjectedConversionValue                    Libraries\STM32F10x_StdPeriph_Driver\src\stm32f10x_adc.o
ADC_GetResetCalibrationStatus                     Libraries\STM32F10x_StdPeriph_Driver\src\stm32f10x_adc.o
                                                  src\main.o
ADC_GetSoftwareStartConvStatus                    Libraries\STM32F10x_StdPeriph_Driver\src\stm32f10x_adc.o
ADC_GetSoftwareStartInjectedConvCmdStatus         Libraries\STM32F10x_StdPeriph_Driver\src\stm32f10x_adc.o
ADC_ITConfig                                      Libraries\STM32F10x_StdPeriph_Driver\src\stm32f10x_adc.o
                                                  src\main.o
ADC_Init                                          Libraries\STM32F10x_StdPeriph_Driver\src\stm32f10x_adc.o
                                                  src\main.o
ADC_InjectedChannelConfig                         Libraries\STM32F10x_StdPeriph_Driver\src\stm32f10x_adc.o
ADC_InjectedDiscModeCmd                           Libraries\STM32F10x_StdPeriph_Driver\src\stm32f10x_adc.o
ADC_InjectedSequencerLengthConfig                 Libraries\STM32F10x_StdPeriph_Driver\src\stm32f10x_adc.o
ADC_RegularChannelConfig                          Libraries\STM32F10x_StdPeriph_Driver\src\stm32f10x_adc.o
                                                  src\main.o
ADC_ResetCalibration                              Libraries\STM32F10x_StdPeriph_Driver\src\stm32f10x_adc.o
                                                  src\main.o
ADC_SetInjectedOffset                             Libraries\STM32F10x_StdPeriph_Driver\src\stm32f10x_adc.o
ADC_SoftwareStartConvCmd                          Libraries\STM32F10x_StdPeriph_Driver\src\stm32f10x_adc.o
                                                  src\main.o
ADC_SoftwareStartInjectedConvCmd                  Libraries\STM32F10x_StdPeriph_Driver\src\stm32f10x_adc.o
ADC_StartCalibration                              Libraries\STM32F10x_StdPeriph_Driver\src\stm32f10x_adc.o
                                                  src\main.o
ADC_StructInit                                    Libraries\STM32F10x_StdPeriph_Driver\src\stm32f10x_adc.o
ADC_TempSensorVrefintCmd                          Libraries\STM32F10x_StdPeriph_Driver\src\stm32f10x_adc.o
AHBPrescTable                                     src\system_stm32f10x.o
Arial_Black33x32                                  src\main.o
BCDToBin                                          src\main.o
BKP_ClearFlag                                     Libraries\STM32F10x_StdPeriph_Driver\src\stm32f10x_bkp.o
BKP_ClearITPendingBit                             Libraries\STM32F10x_StdPeriph_Driver\src\stm32f10x_bkp.o